Archive member included to satisfy reference by file (symbol)

D:/Tools/STM32IDE/STM32CubeIDE_1.17.0/STM32CubeIDE/plugins/com.st.stm32cube.ide.mcu.externaltools.gnu-tools-for-stm32.12.3.rel1.win32_1.1.0.202410251130/tools/bin/../lib/gcc/arm-none-eabi/12.3.1/../../../../arm-none-eabi/lib/thumb/v7-m/nofp\libc_nano.a(libc_a-exit.o)
                              D:/Tools/STM32IDE/STM32CubeIDE_1.17.0/STM32CubeIDE/plugins/com.st.stm32cube.ide.mcu.externaltools.gnu-tools-for-stm32.12.3.rel1.win32_1.1.0.202410251130/tools/bin/../lib/gcc/arm-none-eabi/12.3.1/../../../../arm-none-eabi/lib/thumb/v7-m/nofp/crt0.o (exit)
D:/Tools/STM32IDE/STM32CubeIDE_1.17.0/STM32CubeIDE/plugins/com.st.stm32cube.ide.mcu.externaltools.gnu-tools-for-stm32.12.3.rel1.win32_1.1.0.202410251130/tools/bin/../lib/gcc/arm-none-eabi/12.3.1/../../../../arm-none-eabi/lib/thumb/v7-m/nofp\libc_nano.a(libc_a-nano-vfprintf_float.o)
                              (_printf_float)
D:/Tools/STM32IDE/STM32CubeIDE_1.17.0/STM32CubeIDE/plugins/com.st.stm32cube.ide.mcu.externaltools.gnu-tools-for-stm32.12.3.rel1.win32_1.1.0.202410251130/tools/bin/../lib/gcc/arm-none-eabi/12.3.1/../../../../arm-none-eabi/lib/thumb/v7-m/nofp\libc_nano.a(libc_a-nano-vfprintf_i.o)
                              D:/Tools/STM32IDE/STM32CubeIDE_1.17.0/STM32CubeIDE/plugins/com.st.stm32cube.ide.mcu.externaltools.gnu-tools-for-stm32.12.3.rel1.win32_1.1.0.202410251130/tools/bin/../lib/gcc/arm-none-eabi/12.3.1/../../../../arm-none-eabi/lib/thumb/v7-m/nofp\libc_nano.a(libc_a-nano-vfprintf_float.o) (_printf_common)
D:/Tools/STM32IDE/STM32CubeIDE_1.17.0/STM32CubeIDE/plugins/com.st.stm32cube.ide.mcu.externaltools.gnu-tools-for-stm32.12.3.rel1.win32_1.1.0.202410251130/tools/bin/../lib/gcc/arm-none-eabi/12.3.1/../../../../arm-none-eabi/lib/thumb/v7-m/nofp\libc_nano.a(libc_a-nano-vfscanf_float.o)
                              (_scanf_float)
D:/Tools/STM32IDE/STM32CubeIDE_1.17.0/STM32CubeIDE/plugins/com.st.stm32cube.ide.mcu.externaltools.gnu-tools-for-stm32.12.3.rel1.win32_1.1.0.202410251130/tools/bin/../lib/gcc/arm-none-eabi/12.3.1/../../../../arm-none-eabi/lib/thumb/v7-m/nofp\libc_nano.a(libc_a-findfp.o)
                              D:/Tools/STM32IDE/STM32CubeIDE_1.17.0/STM32CubeIDE/plugins/com.st.stm32cube.ide.mcu.externaltools.gnu-tools-for-stm32.12.3.rel1.win32_1.1.0.202410251130/tools/bin/../lib/gcc/arm-none-eabi/12.3.1/../../../../arm-none-eabi/lib/thumb/v7-m/nofp\libc_nano.a(libc_a-exit.o) (__stdio_exit_handler)
D:/Tools/STM32IDE/STM32CubeIDE_1.17.0/STM32CubeIDE/plugins/com.st.stm32cube.ide.mcu.externaltools.gnu-tools-for-stm32.12.3.rel1.win32_1.1.0.202410251130/tools/bin/../lib/gcc/arm-none-eabi/12.3.1/../../../../arm-none-eabi/lib/thumb/v7-m/nofp\libc_nano.a(libc_a-fwalk.o)
                              D:/Tools/STM32IDE/STM32CubeIDE_1.17.0/STM32CubeIDE/plugins/com.st.stm32cube.ide.mcu.externaltools.gnu-tools-for-stm32.12.3.rel1.win32_1.1.0.202410251130/tools/bin/../lib/gcc/arm-none-eabi/12.3.1/../../../../arm-none-eabi/lib/thumb/v7-m/nofp\libc_nano.a(libc_a-findfp.o) (_fwalk_sglue)
D:/Tools/STM32IDE/STM32CubeIDE_1.17.0/STM32CubeIDE/plugins/com.st.stm32cube.ide.mcu.externaltools.gnu-tools-for-stm32.12.3.rel1.win32_1.1.0.202410251130/tools/bin/../lib/gcc/arm-none-eabi/12.3.1/../../../../arm-none-eabi/lib/thumb/v7-m/nofp\libc_nano.a(libc_a-snprintf.o)
                              ./Core/Src/main.o (snprintf)
D:/Tools/STM32IDE/STM32CubeIDE_1.17.0/STM32CubeIDE/plugins/com.st.stm32cube.ide.mcu.externaltools.gnu-tools-for-stm32.12.3.rel1.win32_1.1.0.202410251130/tools/bin/../lib/gcc/arm-none-eabi/12.3.1/../../../../arm-none-eabi/lib/thumb/v7-m/nofp\libc_nano.a(libc_a-sprintf.o)
                              ./Core/Src/main.o (sprintf)
D:/Tools/STM32IDE/STM32CubeIDE_1.17.0/STM32CubeIDE/plugins/com.st.stm32cube.ide.mcu.externaltools.gnu-tools-for-stm32.12.3.rel1.win32_1.1.0.202410251130/tools/bin/../lib/gcc/arm-none-eabi/12.3.1/../../../../arm-none-eabi/lib/thumb/v7-m/nofp\libc_nano.a(libc_a-stdio.o)
                              D:/Tools/STM32IDE/STM32CubeIDE_1.17.0/STM32CubeIDE/plugins/com.st.stm32cube.ide.mcu.externaltools.gnu-tools-for-stm32.12.3.rel1.win32_1.1.0.202410251130/tools/bin/../lib/gcc/arm-none-eabi/12.3.1/../../../../arm-none-eabi/lib/thumb/v7-m/nofp\libc_nano.a(libc_a-findfp.o) (__sread)
D:/Tools/STM32IDE/STM32CubeIDE_1.17.0/STM32CubeIDE/plugins/com.st.stm32cube.ide.mcu.externaltools.gnu-tools-for-stm32.12.3.rel1.win32_1.1.0.202410251130/tools/bin/../lib/gcc/arm-none-eabi/12.3.1/../../../../arm-none-eabi/lib/thumb/v7-m/nofp\libc_nano.a(libc_a-memset.o)
                              D:/Tools/STM32IDE/STM32CubeIDE_1.17.0/STM32CubeIDE/plugins/com.st.stm32cube.ide.mcu.externaltools.gnu-tools-for-stm32.12.3.rel1.win32_1.1.0.202410251130/tools/bin/../lib/gcc/arm-none-eabi/12.3.1/../../../../arm-none-eabi/lib/thumb/v7-m/nofp/crt0.o (memset)
[...]
Memory Configuration

Name             Origin             Length             Attributes
RAM              0x20000000         0x00005000         xrw
FLASH            0x08000000         0x00010000         xr
*default*        0x00000000         0xffffffff

Linker script and memory map

LOAD D:/Tools/STM32IDE/STM32CubeIDE_1.17.0/STM32CubeIDE/plugins/com.st.stm32cube.ide.mcu.externaltools.gnu-tools-for-stm32.12.3.rel1.win32_1.1.0.202410251130/tools/bin/../lib/gcc/arm-none-eabi/12.3.1/thumb/v7-m/nofp/crti.o
LOAD D:/Tools/STM32IDE/STM32CubeIDE_1.17.0/STM32CubeIDE/plugins/com.st.stm32cube.ide.mcu.externaltools.gnu-tools-for-stm32.12.3.rel1.win32_1.1.0.202410251130/tools/bin/../lib/gcc/arm-none-eabi/12.3.1/thumb/v7-m/nofp/crtbegin.o
LOAD D:/Tools/STM32IDE/STM32CubeIDE_1.17.0/STM32CubeIDE/plugins/com.st.stm32cube.ide.mcu.externaltools.gnu-tools-for-stm32.12.3.rel1.win32_1.1.0.202410251130/tools/bin/../lib/gcc/arm-none-eabi/12.3.1/../../../../arm-none-eabi/lib/thumb/v7-m/nofp/crt0.o
LOAD ./Core/Src/i2c-lcd.o
LOAD ./Core/Src/main.o
LOAD ./Core/Src/stm32f1xx_hal_msp.o
LOAD ./Core/Src/stm32f1xx_it.o
LOAD ./Core/Src/syscalls.o
LOAD ./Core/Src/sysmem.o
LOAD ./Core/Src/system_stm32f1xx.o
LOAD ./Core/Src/uart.o
LOAD ./Core/Startup/startup_stm32f103c8tx.o
LOAD ./Drivers/STM32F1xx_HAL_Driver/Src/stm32f1xx_hal.o
LOAD ./Drivers/STM32F1xx_HAL_Driver/Src/stm32f1xx_hal_adc.o
LOAD ./Drivers/STM32F1xx_HAL_Driver/Src/stm32f1xx_hal_adc_ex.o
LOAD ./Drivers/STM32F1xx_HAL_Driver/Src/stm32f1xx_hal_cortex.o
LOAD ./Drivers/STM32F1xx_HAL_Driver/Src/stm32f1xx_hal_dma.o
LOAD ./Drivers/STM32F1xx_HAL_Driver/Src/stm32f1xx_hal_exti.o
LOAD ./Drivers/STM32F1xx_HAL_Driver/Src/stm32f1xx_hal_flash.o
LOAD ./Drivers/STM32F1xx_HAL_Driver/Src/stm32f1xx_hal_flash_ex.o
LOAD ./Drivers/STM32F1xx_HAL_Driver/Src/stm32f1xx_hal_gpio.o
LOAD ./Drivers/STM32F1xx_HAL_Driver/Src/stm32f1xx_hal_gpio_ex.o
LOAD ./Drivers/STM32F1xx_HAL_Driver/Src/stm32f1xx_hal_i2c.o
LOAD ./Drivers/STM32F1xx_HAL_Driver/Src/stm32f1xx_hal_pwr.o
LOAD ./Drivers/STM32F1xx_HAL_Driver/Src/stm32f1xx_hal_rcc.o
LOAD ./Drivers/STM32F1xx_HAL_Driver/Src/stm32f1xx_hal_rcc_ex.o
LOAD ./Drivers/STM32F1xx_HAL_Driver/Src/stm32f1xx_hal_spi.o
LOAD ./Drivers/STM32F1xx_HAL_Driver/Src/stm32f1xx_hal_tim.o
LOAD ./Drivers/STM32F1xx_HAL_Driver/Src/stm32f1xx_hal_tim_ex.o
LOAD ./Drivers/STM32F1xx_HAL_Driver/Src/stm32f1xx_hal_uart.o
LOAD ./nRF24L01p/nrf24l01p.o
START GROUP
LOAD D:/Tools/STM32IDE/STM32CubeIDE_1.17.0/STM32CubeIDE/plugins/com.st.stm32cube.ide.mcu.externaltools.gnu-tools-for-stm32.12.3.rel1.win32_1.1.0.202410251130/tools/bin/../lib/gcc/arm-none-eabi/12.3.1/../../../../arm-none-eabi/lib/thumb/v7-m/nofp\libc_nano.a
LOAD D:/Tools/STM32IDE/STM32CubeIDE_1.17.0/STM32CubeIDE/plugins/com.st.stm32cube.ide.mcu.externaltools.gnu-tools-for-stm32.12.3.rel1.win32_1.1.0.202410251130/tools/bin/../lib/gcc/arm-none-eabi/12.3.1/../../../../arm-none-eabi/lib/thumb/v7-m/nofp\libm.a
END GROUP
START GROUP
LOAD D:/Tools/STM32IDE/STM32CubeIDE_1.17.0/STM32CubeIDE/plugins/com.st.stm32cube.ide.mcu.externaltools.gnu-tools-for-stm32.12.3.rel1.win32_1.1.0.202410251130/tools/bin/../lib/gcc/arm-none-eabi/12.3.1/thumb/v7-m/nofp\libgcc.a
LOAD D:/Tools/STM32IDE/STM32CubeIDE_1.17.0/STM32CubeIDE/plugins/com.st.stm32cube.ide.mcu.externaltools.gnu-tools-for-stm32.12.3.rel1.win32_1.1.0.202410251130/tools/bin/../lib/gcc/arm-none-eabi/12.3.1/../../../../arm-none-eabi/lib/thumb/v7-m/nofp\libc_nano.a
END GROUP
START GROUP
LOAD D:/Tools/STM32IDE/STM32CubeIDE_1.17.0/STM32CubeIDE/plugins/com.st.stm32cube.ide.mcu.externaltools.gnu-tools-for-stm32.12.3.rel1.win32_1.1.0.202410251130/tools/bin/../lib/gcc/arm-none-eabi/12.3.1/thumb/v7-m/nofp\libgcc.a
LOAD D:/Tools/STM32IDE/STM32CubeIDE_1.17.0/STM32CubeIDE/plugins/com.st.stm32cube.ide.mcu.externaltools.gnu-tools-for-stm32.12.3.rel1.win32_1.1.0.202410251130/tools/bin/../lib/gcc/arm-none-eabi/12.3.1/../../../../arm-none-eabi/lib/thumb/v7-m/nofp\libc_nano.a
LOAD D:/Tools/STM32IDE/STM32CubeIDE_1.17.0/STM32CubeIDE/plugins/com.st.stm32cube.ide.mcu.externaltools.gnu-tools-for-stm32.12.3.rel1.win32_1.1.0.202410251130/tools/bin/../lib/gcc/arm-none-eabi/12.3.1/../../../../arm-none-eabi/lib/thumb/v7-m/nofp\libnosys.a
END GROUP
START GROUP
LOAD D:/Tools/STM32IDE/STM32CubeIDE_1.17.0/STM32CubeIDE/plugins/com.st.stm32cube.ide.mcu.externaltools.gnu-tools-for-stm32.12.3.rel1.win32_1.1.0.202410251130/tools/bin/../lib/gcc/arm-none-eabi/12.3.1/thumb/v7-m/nofp\libgcc.a
LOAD D:/Tools/STM32IDE/STM32CubeIDE_1.17.0/STM32CubeIDE/plugins/com.st.stm32cube.ide.mcu.externaltools.gnu-tools-for-stm32.12.3.rel1.win32_1.1.0.202410251130/tools/bin/../lib/gcc/arm-none-eabi/12.3.1/../../../../arm-none-eabi/lib/thumb/v7-m/nofp\libc_nano.a
LOAD D:/Tools/STM32IDE/STM32CubeIDE_1.17.0/STM32CubeIDE/plugins/com.st.stm32cube.ide.mcu.externaltools.gnu-tools-for-stm32.12.3.rel1.win32_1.1.0.202410251130/tools/bin/../lib/gcc/arm-none-eabi/12.3.1/../../../../arm-none-eabi/lib/thumb/v7-m/nofp\libnosys.a
END GROUP
LOAD D:/Tools/STM32IDE/STM32CubeIDE_1.17.0/STM32CubeIDE/plugins/com.st.stm32cube.ide.mcu.externaltools.gnu-tools-for-stm32.12.3.rel1.win32_1.1.0.202410251130/tools/bin/../lib/gcc/arm-none-eabi/12.3.1/thumb/v7-m/nofp/crtend.o
LOAD D:/Tools/STM32IDE/STM32CubeIDE_1.17.0/STM32CubeIDE/plugins/com.st.stm32cube.ide.mcu.externaltools.gnu-tools-for-stm32.12.3.rel1.win32_1.1.0.202410251130/tools/bin/../lib/gcc/arm-none-eabi/12.3.1/thumb/v7-m/nofp/crtn.o
                0x20005000                        _estack = (ORIGIN (RAM) + LENGTH (RAM))
                0x00000200                        _Min_Heap_Size = 0x200
                0x00000400                        _Min_Stack_Size = 0x400

.isr_vector     0x08000000      0x10c
                0x08000000                        . = ALIGN (0x4)
 *(.isr_vector)
 .isr_vector    0x08000000      0x10c ./Core/Startup/startup_stm32f103c8tx.o
                0x08000000                g_pfnVectors
                0x0800010c                        . = ALIGN (0x4)

.text           0x08000110     0xa798
                0x08000110                        . = ALIGN (0x4)
 *(.text)
 .text          0x08000110       0x40 D:/Tools/STM32IDE/STM32CubeIDE_1.17.0/STM32CubeIDE/plugins/com.st.stm32cube.ide.mcu.externaltools.gnu-tools-for-stm32.12.3.rel1.win32_1.1.0.202410251130/tools/bin/../lib/gcc/arm-none-eabi/12.3.1/thumb/v7-m/nofp/crtbegin.o
 .text          0x08000150       0x10 D:/Tools/STM32IDE/STM32CubeIDE_1.17.0/STM32CubeIDE/plugins/com.st.stm32cube.ide.mcu.externaltools.gnu-tools-for-stm32.12.3.rel1.win32_1.1.0.202410251130/tools/bin/../lib/gcc/arm-none-eabi/12.3.1/../../../../arm-none-eabi/lib/thumb/v7-m/nofp\libc_nano.a(libc_a-strlen.o)
                0x08000150                strlen
 .text          0x08000160      0x378 D:/Tools/STM32IDE/STM32CubeIDE_1.17.0/STM32CubeIDE/plugins/com.st.stm32cube.ide.mcu.externaltools.gnu-tools-for-stm32.12.3.rel1.win32_1.1.0.202410251130/tools/bin/../lib/gcc/arm-none-eabi/12.3.1/thumb/v7-m/nofp\libgcc.a(_arm_addsubdf3.o)
                0x08000160                __aeabi_drsub
                0x08000168                __aeabi_dsub
                0x08000168                __subdf3
                0x0800016c                __aeabi_dadd
                0x0800016c                __adddf3
                0x080003e4                __floatunsidf
                0x080003e4                __aeabi_ui2d
                0x08000404                __floatsidf
                0x08000404                __aeabi_i2d
                0x08000428                __aeabi_f2d
                0x08000428                __extendsfdf2
                0x0800046c                __floatundidf
                0x0800046c                __aeabi_ul2d
                0x0800047c                __floatdidf
                0x0800047c                __aeabi_l2d
 .text          0x080004d8      0x424 D:/Tools/STM32IDE/STM32CubeIDE_1.17.0/STM32CubeIDE/plugins/com.st.stm32cube.ide.mcu.externaltools.gnu-tools-for-stm32.12.3.rel1.win32_1.1.0.202410251130/tools/bin/../lib/gcc/arm-none-eabi/12.3.1/thumb/v7-m/nofp\libgcc.a(_arm_muldivdf3.o)
                0x080004d8                __aeabi_dmul
                0x080004d8                __muldf3
                0x0800072c                __divdf3
                0x0800072c                __aeabi_ddiv
 .text          0x080008fc      0x110 D:/Tools/STM32IDE/STM32CubeIDE_1.17.0/STM32CubeIDE/plugins/com.st.stm32cube.ide.mcu.externaltools.gnu-tools-for-stm32.12.3.rel1.win32_1.1.0.202410251130/tools/bin/../lib/gcc/arm-none-eabi/12.3.1/thumb/v7-m/nofp\libgcc.a(_arm_cmpdf2.o)
                0x080008fc                __gtdf2
                0x080008fc                __gedf2
                0x08000904                __ltdf2
                0x08000904                __ledf2
                0x0800090c                __nedf2
                0x0800090c                __eqdf2
                0x0800090c                __cmpdf2
                0x08000988                __aeabi_cdrcmple
                0x08000998                __aeabi_cdcmpeq
                0x08000998                __aeabi_cdcmple
                0x080009a8                __aeabi_dcmpeq
                0x080009bc                __aeabi_dcmplt
                0x080009d0                __aeabi_dcmple
                0x080009e4                __aeabi_dcmpge
                0x080009f8                __aeabi_dcmpgt
 .text          0x08000a0c       0x2c D:/Tools/STM32IDE/STM32CubeIDE_1.17.0/STM32CubeIDE/plugins/com.st.stm32cube.ide.mcu.externaltools.gnu-tools-for-stm32.12.3.rel1.win32_1.1.0.202410251130/tools/bin/../lib/gcc/arm-none-eabi/12.3.1/thumb/v7-m/nofp\libgcc.a(_arm_unorddf2.o)
                0x08000a0c                __unorddf2
                0x08000a0c                __aeabi_dcmpun
 .text          0x08000a38       0x50 D:/Tools/STM32IDE/STM32CubeIDE_1.17.0/STM32CubeIDE/plugins/com.st.stm32cube.ide.mcu.externaltools.gnu-tools-for-stm32.12.3.rel1.win32_1.1.0.202410251130/tools/bin/../lib/gcc/arm-none-eabi/12.3.1/thumb/v7-m/nofp\libgcc.a(_arm_fixdfsi.o)
                0x08000a38                __aeabi_d2iz
                0x08000a38                __fixdfsi
 .text          0x08000a88       0x40 D:/Tools/STM32IDE/STM32CubeIDE_1.17.0/STM32CubeIDE/plugins/com.st.stm32cube.ide.mcu.externaltools.gnu-tools-for-stm32.12.3.rel1.win32_1.1.0.202410251130/tools/bin/../lib/gcc/arm-none-eabi/12.3.1/thumb/v7-m/nofp\libgcc.a(_arm_fixunsdfsi.o)
                0x08000a88                __aeabi_d2uiz
                0x08000a88                __fixunsdfsi
 .text          0x08000ac8       0xa0 D:/Tools/STM32IDE/STM32CubeIDE_1.17.0/STM32CubeIDE/plugins/com.st.stm32cube.ide.mcu.externaltools.gnu-tools-for-stm32.12.3.rel1.win32_1.1.0.202410251130/tools/bin/../lib/gcc/arm-none-eabi/12.3.1/thumb/v7-m/nofp\libgcc.a(_arm_truncdfsf2.o)
                0x08000ac8                __truncdfsf2
                0x08000ac8                __aeabi_d2f
 .text          0x08000b68       0x30 D:/Tools/STM32IDE/STM32CubeIDE_1.17.0/STM32CubeIDE/plugins/com.st.stm32cube.ide.mcu.externaltools.gnu-tools-for-stm32.12.3.rel1.win32_1.1.0.202410251130/tools/bin/../lib/gcc/arm-none-eabi/12.3.1/thumb/v7-m/nofp\libgcc.a(_fixdfdi.o)
                0x08000b68                __fixdfdi
                0x08000b68                __aeabi_d2lz
 .text          0x08000b98       0x3c D:/Tools/STM32IDE/STM32CubeIDE_1.17.0/STM32CubeIDE/plugins/com.st.stm32cube.ide.mcu.externaltools.gnu-tools-for-stm32.12.3.rel1.win32_1.1.0.202410251130/tools/bin/../lib/gcc/arm-none-eabi/12.3.1/thumb/v7-m/nofp\libgcc.a(_fixunsdfdi.o)
                0x08000b98                __fixunsdfdi
                0x08000b98                __aeabi_d2ulz
 *(.text*)
 .text.lcd_send_cmd
                0x08000bd4       0x60 ./Core/Src/i2c-lcd.o
                0x08000bd4                lcd_send_cmd
 .text.lcd_send_data
                0x08000c34       0x60 ./Core/Src/i2c-lcd.o
                0x08000c34                lcd_send_data
 .text.lcd_clear
                0x08000c94       0x2e ./Core/Src/i2c-lcd.o
                0x08000c94                lcd_clear
 .text.lcd_put_cur
                0x08000cc2       0x3e ./Core/Src/i2c-lcd.o
                0x08000cc2                lcd_put_cur
 .text.lcd_init
                0x08000d00       0x7a ./Core/Src/i2c-lcd.o
                0x08000d00                lcd_init
 .text.lcd_send_string
                0x08000d7a       0x2a ./Core/Src/i2c-lcd.o
                0x08000d7a                lcd_send_string
 .text.int_to_string
                0x08000da4       0x20 ./Core/Src/main.o
                0x08000da4                int_to_string
 .text.readButtons
                0x08000dc4      0x174 ./Core/Src/main.o
                0x08000dc4                readButtons
 .text.ReadJoystic
                0x08000f38       0x50 ./Core/Src/main.o
                0x08000f38                ReadJoystic
 .text.find_speed
                0x08000f88       0x94 ./Core/Src/main.o
                0x08000f88                find_speed
 .text.controler
                0x0800101c      0x10c ./Core/Src/main.o
                0x0800101c                controler
 .text.driver   0x08001128      0x138 ./Core/Src/main.o
                0x08001128                driver
 .text.led      0x08001260       0x3c ./Core/Src/main.o
                0x08001260                led
 .text.read_nRF
                0x0800129c       0x84 ./Core/Src/main.o
                0x0800129c                read_nRF
 .text.trans_nRF
                0x08001320       0xa4 ./Core/Src/main.o
                0x08001320                trans_nRF
 .text.main     0x080013c4       0xec ./Core/Src/main.o
                0x080013c4                main
 .text.SystemClock_Config
                0x080014b0       0xb6 ./Core/Src/main.o
                0x080014b0                SystemClock_Config
 *fill*         0x08001566        0x2 
 .text.MX_ADC1_Init
                0x08001568       0x7c ./Core/Src/main.o
 .text.MX_ADC2_Init
                0x080015e4       0x7c ./Core/Src/main.o
 .text.MX_I2C1_Init
                0x08001660       0x5c ./Core/Src/main.o
 .text.MX_SPI1_Init
                0x080016bc       0x6c ./Core/Src/main.o
 .text.MX_USART1_UART_Init
                0x08001728       0x54 ./Core/Src/main.o
 .text.MX_GPIO_Init
                0x0800177c      0x18c ./Core/Src/main.o
 .text.HAL_GPIO_EXTI_Callback
                0x08001908       0x24 ./Core/Src/main.o
                0x08001908                HAL_GPIO_EXTI_Callback
 .text.Error_Handler
                0x0800192c        0xc ./Core/Src/main.o
                0x0800192c                Error_Handler
 .text.HAL_MspInit
                0x08001938       0x64 ./Core/Src/stm32f1xx_hal_msp.o
                0x08001938                HAL_MspInit
 .text.HAL_ADC_MspInit
                0x0800199c       0xcc ./Core/Src/stm32f1xx_hal_msp.o
                0x0800199c                HAL_ADC_MspInit
 .text.HAL_I2C_MspInit
                0x08001a68       0x7c ./Core/Src/stm32f1xx_hal_msp.o
                0x08001a68                HAL_I2C_MspInit
 .text.HAL_SPI_MspInit
                0x08001ae4       0x94 ./Core/Src/stm32f1xx_hal_msp.o
                0x08001ae4                HAL_SPI_MspInit
 .text.HAL_UART_MspInit
                0x08001b78       0xa8 ./Core/Src/stm32f1xx_hal_msp.o
                0x08001b78                HAL_UART_MspInit
 .text.NMI_Handler
                0x08001c20        0x8 ./Core/Src/stm32f1xx_it.o
                0x08001c20                NMI_Handler
 .text.HardFault_Handler
                0x08001c28        0x8 ./Core/Src/stm32f1xx_it.o
                0x08001c28                HardFault_Handler
 .text.MemManage_Handler
                0x08001c30        0x8 ./Core/Src/stm32f1xx_it.o
                0x08001c30                MemManage_Handler
 .text.BusFault_Handler
                0x08001c38        0x8 ./Core/Src/stm32f1xx_it.o
                0x08001c38                BusFault_Handler
 .text.UsageFault_Handler
                0x08001c40        0x8 ./Core/Src/stm32f1xx_it.o
                0x08001c40                UsageFault_Handler
 .text.SVC_Handler
                0x08001c48        0xc ./Core/Src/stm32f1xx_it.o
                0x08001c48                SVC_Handler
 .text.DebugMon_Handler
                0x08001c54        0xc ./Core/Src/stm32f1xx_it.o
                0x08001c54                DebugMon_Handler
 .text.PendSV_Handler
                0x08001c60        0xc ./Core/Src/stm32f1xx_it.o
                0x08001c60                PendSV_Handler
 .text.SysTick_Handler
                0x08001c6c        0xc ./Core/Src/stm32f1xx_it.o
                0x08001c6c                SysTick_Handler
 .text.EXTI2_IRQHandler
                0x08001c78        0xe ./Core/Src/stm32f1xx_it.o
                0x08001c78                EXTI2_IRQHandler
 *fill*         0x08001c86        0x2 
 .text.USART1_IRQHandler
                0x08001c88       0x18 ./Core/Src/stm32f1xx_it.o
                0x08001c88                USART1_IRQHandler
 .text._getpid  0x08001ca0        0xe ./Core/Src/syscalls.o
                0x08001ca0                _getpid
 .text._kill    0x08001cae       0x20 ./Core/Src/syscalls.o
                0x08001cae                _kill
 .text._exit    0x08001cce       0x16 ./Core/Src/syscalls.o
                0x08001cce                _exit
 .text._read    0x08001ce4       0x3a ./Core/Src/syscalls.o
                0x08001ce4                _read
 .text._write   0x08001d1e       0x38 ./Core/Src/syscalls.o
                0x08001d1e                _write
 .text._close   0x08001d56       0x16 ./Core/Src/syscalls.o
                0x08001d56                _close
 .text._fstat   0x08001d6c       0x1e ./Core/Src/syscalls.o
                0x08001d6c                _fstat
 .text._isatty  0x08001d8a       0x14 ./Core/Src/syscalls.o
                0x08001d8a                _isatty
 .text._lseek   0x08001d9e       0x18 ./Core/Src/syscalls.o
                0x08001d9e                _lseek
 *fill*         0x08001db6        0x2 
 .text._sbrk    0x08001db8       0x6c ./Core/Src/sysmem.o
                0x08001db8                _sbrk
 .text.SystemInit
                0x08001e24        0xc ./Core/Src/system_stm32f1xx.o
                0x08001e24                SystemInit
 .text.rxBufferInit
                0x08001e30       0x28 ./Core/Src/uart.o
                0x08001e30                rxBufferInit
 .text.push     0x08001e58       0x46 ./Core/Src/uart.o
                0x08001e58                push
 .text.pop      0x08001e9e       0x4a ./Core/Src/uart.o
                0x08001e9e                pop
 .text.Uart_isr
                0x08001ee8       0x50 ./Core/Src/uart.o
                0x08001ee8                Uart_isr
 .text.Reset_Handler
                0x08001f38       0x48 ./Core/Startup/startup_stm32f103c8tx.o
                0x08001f38                Reset_Handler
 .text.Default_Handler
                0x08001f80        0x2 ./Core/Startup/startup_stm32f103c8tx.o
                0x08001f80                RTC_Alarm_IRQHandler
                0x08001f80                TIM1_CC_IRQHandler
                0x08001f80                PVD_IRQHandler
                0x08001f80                EXTI3_IRQHandler
                0x08001f80                EXTI0_IRQHandler
                0x08001f80                I2C2_EV_IRQHandler
                0x08001f80                ADC1_2_IRQHandler
                0x08001f80                SPI1_IRQHandler
                0x08001f80                TAMPER_IRQHandler
                0x08001f80                DMA1_Channel4_IRQHandler
                0x08001f80                USART3_IRQHandler
                0x08001f80                RTC_IRQHandler
                0x08001f80                DMA1_Channel7_IRQHandler
                0x08001f80                CAN1_RX1_IRQHandler
                0x08001f80                TIM4_IRQHandler
                0x08001f80                I2C1_EV_IRQHandler
                0x08001f80                DMA1_Channel6_IRQHandler
                0x08001f80                TIM3_IRQHandler
                0x08001f80                RCC_IRQHandler
                0x08001f80                TIM1_TRG_COM_IRQHandler
                0x08001f80                DMA1_Channel1_IRQHandler
                0x08001f80                Default_Handler
                0x08001f80                EXTI15_10_IRQHandler
                0x08001f80                EXTI9_5_IRQHandler
                0x08001f80                SPI2_IRQHandler
                0x08001f80                DMA1_Channel5_IRQHandler
                0x08001f80                EXTI4_IRQHandler
                0x08001f80                USB_LP_CAN1_RX0_IRQHandler
                0x08001f80                USB_HP_CAN1_TX_IRQHandler
                0x08001f80                DMA1_Channel3_IRQHandler
                0x08001f80                TIM1_UP_IRQHandler
                0x08001f80                WWDG_IRQHandler
                0x08001f80                TIM2_IRQHandler
                0x08001f80                TIM1_BRK_IRQHandler
                0x08001f80                EXTI1_IRQHandler
                0x08001f80                USART2_IRQHandler
                0x08001f80                I2C2_ER_IRQHandler
                0x08001f80                DMA1_Channel2_IRQHandler
                0x08001f80                CAN1_SCE_IRQHandler
                0x08001f80                FLASH_IRQHandler
                0x08001f80                I2C1_ER_IRQHandler
                0x08001f80                USBWakeUp_IRQHandler
 *fill*         0x08001f82        0x2 
 .text.HAL_Init
                0x08001f84       0x2c ./Drivers/STM32F1xx_HAL_Driver/Src/stm32f1xx_hal.o
                0x08001f84                HAL_Init
 .text.HAL_InitTick
                0x08001fb0       0x60 ./Drivers/STM32F1xx_HAL_Driver/Src/stm32f1xx_hal.o
                0x08001fb0                HAL_InitTick
 .text.HAL_IncTick
                0x08002010       0x24 ./Drivers/STM32F1xx_HAL_Driver/Src/stm32f1xx_hal.o
                0x08002010                HAL_IncTick
 .text.HAL_GetTick
                0x08002034       0x14 ./Drivers/STM32F1xx_HAL_Driver/Src/stm32f1xx_hal.o
                0x08002034                HAL_GetTick
 .text.HAL_Delay
                0x08002048       0x48 ./Drivers/STM32F1xx_HAL_Driver/Src/stm32f1xx_hal.o
                0x08002048                HAL_Delay
 .text.HAL_ADC_Init
                0x08002090      0x1b0 ./Drivers/STM32F1xx_HAL_Driver/Src/stm32f1xx_hal_adc.o
                0x08002090                HAL_ADC_Init
 .text.HAL_ADC_Start
                0x08002240      0x15c ./Drivers/STM32F1xx_HAL_Driver/Src/stm32f1xx_hal_adc.o
                0x08002240                HAL_ADC_Start
 .text.HAL_ADC_PollForConversion
                0x0800239c      0x20c ./Drivers/STM32F1xx_HAL_Driver/Src/stm32f1xx_hal_adc.o
                0x0800239c                HAL_ADC_PollForConversion
 .text.HAL_ADC_GetValue
                0x080025a8       0x18 ./Drivers/STM32F1xx_HAL_Driver/Src/stm32f1xx_hal_adc.o
                0x080025a8                HAL_ADC_GetValue
 .text.HAL_ADC_ConfigChannel
                0x080025c0      0x1f0 ./Drivers/STM32F1xx_HAL_Driver/Src/stm32f1xx_hal_adc.o
                0x080025c0                HAL_ADC_ConfigChannel
 .text.ADC_Enable
                0x080027b0       0xb4 ./Drivers/STM32F1xx_HAL_Driver/Src/stm32f1xx_hal_adc.o
                0x080027b0                ADC_Enable
 .text.ADC_ConversionStop_Disable
                0x08002864       0x82 ./Drivers/STM32F1xx_HAL_Driver/Src/stm32f1xx_hal_adc.o
                0x08002864                ADC_ConversionStop_Disable
 *fill*         0x080028e6        0x2 
 .text.__NVIC_SetPriorityGrouping
                0x080028e8       0x48 ./Drivers/STM32F1xx_HAL_Driver/Src/stm32f1xx_hal_cortex.o
 .text.__NVIC_GetPriorityGrouping
                0x08002930       0x1c ./Drivers/STM32F1xx_HAL_Driver/Src/stm32f1xx_hal_cortex.o
 .text.__NVIC_EnableIRQ
                0x0800294c       0x38 ./Drivers/STM32F1xx_HAL_Driver/Src/stm32f1xx_hal_cortex.o
 .text.__NVIC_SetPriority
                0x08002984       0x54 ./Drivers/STM32F1xx_HAL_Driver/Src/stm32f1xx_hal_cortex.o
 .text.NVIC_EncodePriority
                0x080029d8       0x64 ./Drivers/STM32F1xx_HAL_Driver/Src/stm32f1xx_hal_cortex.o
 .text.SysTick_Config
                0x08002a3c       0x44 ./Drivers/STM32F1xx_HAL_Driver/Src/stm32f1xx_hal_cortex.o
 .text.HAL_NVIC_SetPriorityGrouping
                0x08002a80       0x16 ./Drivers/STM32F1xx_HAL_Driver/Src/stm32f1xx_hal_cortex.o
                0x08002a80                HAL_NVIC_SetPriorityGrouping
 .text.HAL_NVIC_SetPriority
                0x08002a96       0x38 ./Drivers/STM32F1xx_HAL_Driver/Src/stm32f1xx_hal_cortex.o
                0x08002a96                HAL_NVIC_SetPriority
 .text.HAL_NVIC_EnableIRQ
                0x08002ace       0x1c ./Drivers/STM32F1xx_HAL_Driver/Src/stm32f1xx_hal_cortex.o
                0x08002ace                HAL_NVIC_EnableIRQ
 .text.HAL_SYSTICK_Config
                0x08002aea       0x18 ./Drivers/STM32F1xx_HAL_Driver/Src/stm32f1xx_hal_cortex.o
                0x08002aea                HAL_SYSTICK_Config
 .text.HAL_DMA_Abort
                0x08002b02       0x76 ./Drivers/STM32F1xx_HAL_Driver/Src/stm32f1xx_hal_dma.o
                0x08002b02                HAL_DMA_Abort
 .text.HAL_DMA_Abort_IT
                0x08002b78       0xf0 ./Drivers/STM32F1xx_HAL_Driver/Src/stm32f1xx_hal_dma.o
                0x08002b78                HAL_DMA_Abort_IT
 .text.HAL_GPIO_Init
                0x08002c68      0x308 ./Drivers/STM32F1xx_HAL_Driver/Src/stm32f1xx_hal_gpio.o
                0x08002c68                HAL_GPIO_Init
 .text.HAL_GPIO_ReadPin
                0x08002f70       0x2e ./Drivers/STM32F1xx_HAL_Driver/Src/stm32f1xx_hal_gpio.o
                0x08002f70                HAL_GPIO_ReadPin
 .text.HAL_GPIO_WritePin
                0x08002f9e       0x30 ./Drivers/STM32F1xx_HAL_Driver/Src/stm32f1xx_hal_gpio.o
                0x08002f9e                HAL_GPIO_WritePin
 *fill*         0x08002fce        0x2 
 .text.HAL_GPIO_EXTI_IRQHandler
                0x08002fd0       0x30 ./Drivers/STM32F1xx_HAL_Driver/Src/stm32f1xx_hal_gpio.o
                0x08002fd0                HAL_GPIO_EXTI_IRQHandler
 .text.HAL_I2C_Init
                0x08003000      0x288 ./Drivers/STM32F1xx_HAL_Driver/Src/stm32f1xx_hal_i2c.o
                0x08003000                HAL_I2C_Init
 .text.HAL_I2C_Master_Transmit
                0x08003288      0x1fc ./Drivers/STM32F1xx_HAL_Driver/Src/stm32f1xx_hal_i2c.o
                0x08003288                HAL_I2C_Master_Transmit
 .text.I2C_MasterRequestWrite
                0x08003484      0x104 ./Drivers/STM32F1xx_HAL_Driver/Src/stm32f1xx_hal_i2c.o
 .text.I2C_WaitOnFlagUntilTimeout
                0x08003588       0xf4 ./Drivers/STM32F1xx_HAL_Driver/Src/stm32f1xx_hal_i2c.o
 .text.I2C_WaitOnMasterAddressFlagUntilTimeout
                0x0800367c      0x140 ./Drivers/STM32F1xx_HAL_Driver/Src/stm32f1xx_hal_i2c.o
 .text.I2C_WaitOnTXEFlagUntilTimeout
                0x080037bc       0x90 ./Drivers/STM32F1xx_HAL_Driver/Src/stm32f1xx_hal_i2c.o
 .text.I2C_WaitOnBTFFlagUntilTimeout
                0x0800384c       0x90 ./Drivers/STM32F1xx_HAL_Driver/Src/stm32f1xx_hal_i2c.o
 .text.I2C_IsAcknowledgeFailed
                0x080038dc       0x5c ./Drivers/STM32F1xx_HAL_Driver/Src/stm32f1xx_hal_i2c.o
 .text.HAL_RCC_OscConfig
                0x08003938      0x504 ./Drivers/STM32F1xx_HAL_Driver/Src/stm32f1xx_hal_rcc.o
                0x08003938                HAL_RCC_OscConfig
 .text.HAL_RCC_ClockConfig
                0x08003e3c      0x1d4 ./Drivers/STM32F1xx_HAL_Driver/Src/stm32f1xx_hal_rcc.o
                0x08003e3c                HAL_RCC_ClockConfig
 .text.HAL_RCC_GetSysClockFreq
                0x08004010       0xa8 ./Drivers/STM32F1xx_HAL_Driver/Src/stm32f1xx_hal_rcc.o
                0x08004010                HAL_RCC_GetSysClockFreq
 .text.HAL_RCC_GetHCLKFreq
                0x080040b8       0x14 ./Drivers/STM32F1xx_HAL_Driver/Src/stm32f1xx_hal_rcc.o
                0x080040b8                HAL_RCC_GetHCLKFreq
 .text.HAL_RCC_GetPCLK1Freq
                0x080040cc       0x28 ./Drivers/STM32F1xx_HAL_Driver/Src/stm32f1xx_hal_rcc.o
                0x080040cc                HAL_RCC_GetPCLK1Freq
 .text.HAL_RCC_GetPCLK2Freq
                0x080040f4       0x28 ./Drivers/STM32F1xx_HAL_Driver/Src/stm32f1xx_hal_rcc.o
                0x080040f4                HAL_RCC_GetPCLK2Freq
 .text.RCC_Delay
                0x0800411c       0x3c ./Drivers/STM32F1xx_HAL_Driver/Src/stm32f1xx_hal_rcc.o
 .text.HAL_RCCEx_PeriphCLKConfig
                0x08004158      0x16c ./Drivers/STM32F1xx_HAL_Driver/Src/stm32f1xx_hal_rcc_ex.o
                0x08004158                HAL_RCCEx_PeriphCLKConfig
 .text.HAL_RCCEx_GetPeriphCLKFreq
                0x080042c4      0x16c ./Drivers/STM32F1xx_HAL_Driver/Src/stm32f1xx_hal_rcc_ex.o
                0x080042c4                HAL_RCCEx_GetPeriphCLKFreq
 .text.HAL_SPI_Init
                0x08004430      0x108 ./Drivers/STM32F1xx_HAL_Driver/Src/stm32f1xx_hal_spi.o
                0x08004430                HAL_SPI_Init
 .text.HAL_SPI_Transmit
                0x08004538      0x286 ./Drivers/STM32F1xx_HAL_Driver/Src/stm32f1xx_hal_spi.o
                0x08004538                HAL_SPI_Transmit
 .text.HAL_SPI_Receive
                0x080047be      0x230 ./Drivers/STM32F1xx_HAL_Driver/Src/stm32f1xx_hal_spi.o
                0x080047be                HAL_SPI_Receive
 .text.HAL_SPI_TransmitReceive
                0x080049ee      0x360 ./Drivers/STM32F1xx_HAL_Driver/Src/stm32f1xx_hal_spi.o
                0x080049ee                HAL_SPI_TransmitReceive
 *fill*         0x08004d4e        0x2 
 .text.SPI_WaitFlagStateUntilTimeout
                0x08004d50      0x110 ./Drivers/STM32F1xx_HAL_Driver/Src/stm32f1xx_hal_spi.o
 .text.SPI_EndRxTransaction
                0x08004e60       0xa4 ./Drivers/STM32F1xx_HAL_Driver/Src/stm32f1xx_hal_spi.o
 .text.SPI_EndRxTxTransaction
                0x08004f04       0x3c ./Drivers/STM32F1xx_HAL_Driver/Src/stm32f1xx_hal_spi.o
 .text.HAL_UART_Init
                0x08004f40       0xa0 ./Drivers/STM32F1xx_HAL_Driver/Src/stm32f1xx_hal_uart.o
                0x08004f40                HAL_UART_Init
 .text.HAL_UART_Transmit
                0x08004fe0      0x106 ./Drivers/STM32F1xx_HAL_Driver/Src/stm32f1xx_hal_uart.o
                0x08004fe0                HAL_UART_Transmit
 *fill*         0x080050e6        0x2 
 .text.HAL_UART_IRQHandler
                0x080050e8      0x524 ./Drivers/STM32F1xx_HAL_Driver/Src/stm32f1xx_hal_uart.o
                0x080050e8                HAL_UART_IRQHandler
 .text.HAL_UART_TxCpltCallback
                0x0800560c       0x12 ./Drivers/STM32F1xx_HAL_Driver/Src/stm32f1xx_hal_uart.o
                0x0800560c                HAL_UART_TxCpltCallback
 .text.HAL_UART_RxCpltCallback
                0x0800561e       0x12 ./Drivers/STM32F1xx_HAL_Driver/Src/stm32f1xx_hal_uart.o
                0x0800561e                HAL_UART_RxCpltCallback
 .text.HAL_UART_ErrorCallback
                0x08005630       0x12 ./Drivers/STM32F1xx_HAL_Driver/Src/stm32f1xx_hal_uart.o
                0x08005630                HAL_UART_ErrorCallback
 .text.HAL_UARTEx_RxEventCallback
                0x08005642       0x16 ./Drivers/STM32F1xx_HAL_Driver/Src/stm32f1xx_hal_uart.o
                0x08005642                HAL_UARTEx_RxEventCallback
 .text.UART_WaitOnFlagUntilTimeout
                0x08005658       0xdc ./Drivers/STM32F1xx_HAL_Driver/Src/stm32f1xx_hal_uart.o
 .text.UART_EndRxTransfer
                0x08005734       0xc4 ./Drivers/STM32F1xx_HAL_Driver/Src/stm32f1xx_hal_uart.o
 .text.UART_DMAAbortOnError
                0x080057f8       0x28 ./Drivers/STM32F1xx_HAL_Driver/Src/stm32f1xx_hal_uart.o
 .text.UART_Transmit_IT
                0x08005820       0x9e ./Drivers/STM32F1xx_HAL_Driver/Src/stm32f1xx_hal_uart.o
 .text.UART_EndTransmit_IT
                0x080058be       0x30 ./Drivers/STM32F1xx_HAL_Driver/Src/stm32f1xx_hal_uart.o
 .text.UART_Receive_IT
                0x080058ee      0x17c ./Drivers/STM32F1xx_HAL_Driver/Src/stm32f1xx_hal_uart.o
 *fill*         0x08005a6a        0x2 
 .text.UART_SetConfig
                0x08005a6c      0x11c ./Drivers/STM32F1xx_HAL_Driver/Src/stm32f1xx_hal_uart.o
 .text.cs_high  0x08005b88       0x18 ./nRF24L01p/nrf24l01p.o
 .text.cs_low   0x08005ba0       0x18 ./nRF24L01p/nrf24l01p.o
 .text.ce_high  0x08005bb8       0x18 ./nRF24L01p/nrf24l01p.o
 .text.ce_low   0x08005bd0       0x18 ./nRF24L01p/nrf24l01p.o
 .text.read_register
                0x08005be8       0x4c ./nRF24L01p/nrf24l01p.o
                0x08005be8                read_register
 .text.write_register
                0x08005c34       0x5c ./nRF24L01p/nrf24l01p.o
 .text.write_register_multi
                0x08005c90       0x74 ./nRF24L01p/nrf24l01p.o
                0x08005c90                write_register_multi
 .text.nrf24l01p_rx_init
                0x08005d04       0x6e ./nRF24L01p/nrf24l01p.o
                0x08005d04                nrf24l01p_rx_init
 .text.nrf24l01p_rx_receive
                0x08005d72       0x1a ./nRF24L01p/nrf24l01p.o
                0x08005d72                nrf24l01p_rx_receive
 .text.nrf24l01p_tx_transmit
                0x08005d8c       0x16 ./nRF24L01p/nrf24l01p.o
                0x08005d8c                nrf24l01p_tx_transmit
 .text.nrf24l01p_reset
                0x08005da2       0xa0 ./nRF24L01p/nrf24l01p.o
                0x08005da2                nrf24l01p_reset
 .text.nrf24l01p_prx_mode
                0x08005e42       0x32 ./nRF24L01p/nrf24l01p.o
                0x08005e42                nrf24l01p_prx_mode
 .text.nrf24l01p_ptx_mode
                0x08005e74       0x32 ./nRF24L01p/nrf24l01p.o
                0x08005e74                nrf24l01p_ptx_mode
 *fill*         0x08005ea6        0x2 
 .text.nrf24l01p_read_rx_fifo
                0x08005ea8       0x48 ./nRF24L01p/nrf24l01p.o
                0x08005ea8                nrf24l01p_read_rx_fifo
 .text.nrf24l01p_write_tx_fifo
                0x08005ef0       0x48 ./nRF24L01p/nrf24l01p.o
                0x08005ef0                nrf24l01p_write_tx_fifo
 .text.nrf24l01p_flush_rx_fifo
                0x08005f38       0x30 ./nRF24L01p/nrf24l01p.o
                0x08005f38                nrf24l01p_flush_rx_fifo
 .text.nrf24l01p_flush_tx_fifo
                0x08005f68       0x30 ./nRF24L01p/nrf24l01p.o
                0x08005f68                nrf24l01p_flush_tx_fifo
 .text.nrf24l01p_get_status
                0x08005f98       0x34 ./nRF24L01p/nrf24l01p.o
                0x08005f98                nrf24l01p_get_status
 .text.nrf24l01p_rx_set_payload_widths
                0x08005fcc       0x1c ./nRF24L01p/nrf24l01p.o
                0x08005fcc                nrf24l01p_rx_set_payload_widths
 .text.nrf24l01p_clear_rx_dr
                0x08005fe8       0x28 ./nRF24L01p/nrf24l01p.o
                0x08005fe8                nrf24l01p_clear_rx_dr
 .text.nrf24l01p_power_up
                0x08006010       0x2a ./nRF24L01p/nrf24l01p.o
                0x08006010                nrf24l01p_power_up
 .text.nrf24l01p_set_crc_length
                0x0800603a       0x46 ./nRF24L01p/nrf24l01p.o
                0x0800603a                nrf24l01p_set_crc_length
 .text.nrf24l01p_set_address_widths
                0x08006080       0x20 ./nRF24L01p/nrf24l01p.o
                0x08006080                nrf24l01p_set_address_widths
 .text.nrf24l01p_auto_retransmit_count
                0x080060a0       0x36 ./nRF24L01p/nrf24l01p.o
                0x080060a0                nrf24l01p_auto_retransmit_count
 *fill*         0x080060d6        0x2 
 .text.nrf24l01p_auto_retransmit_delay
                0x080060d8       0x50 ./nRF24L01p/nrf24l01p.o
                0x080060d8                nrf24l01p_auto_retransmit_delay
 .text.nrf24l01p_set_rf_channel
                0x08006128       0x26 ./nRF24L01p/nrf24l01p.o
                0x08006128                nrf24l01p_set_rf_channel
 .text.nrf24l01p_set_rf_tx_output_power
                0x0800614e       0x3a ./nRF24L01p/nrf24l01p.o
                0x0800614e                nrf24l01p_set_rf_tx_output_power
 .text.nrf24l01p_set_rf_air_data_rate
                0x08006188       0x52 ./nRF24L01p/nrf24l01p.o
                0x08006188                nrf24l01p_set_rf_air_data_rate
 .text.__cvt    0x080061da       0xc8 D:/Tools/STM32IDE/STM32CubeIDE_1.17.0/STM32CubeIDE/plugins/com.st.stm32cube.ide.mcu.externaltools.gnu-tools-for-stm32.12.3.rel1.win32_1.1.0.202410251130/tools/bin/../lib/gcc/arm-none-eabi/12.3.1/../../../../arm-none-eabi/lib/thumb/v7-m/nofp\libc_nano.a(libc_a-nano-vfprintf_float.o)
                0x080061da                __cvt
 .text.__exponent
                0x080062a2       0x74 D:/Tools/STM32IDE/STM32CubeIDE_1.17.0/STM32CubeIDE/plugins/com.st.stm32cube.ide.mcu.externaltools.gnu-tools-for-stm32.12.3.rel1.win32_1.1.0.202410251130/tools/bin/../lib/gcc/arm-none-eabi/12.3.1/../../../../arm-none-eabi/lib/thumb/v7-m/nofp\libc_nano.a(libc_a-nano-vfprintf_float.o)
                0x080062a2                __exponent
 *fill*         0x08006316        0x2 
 .text._printf_float
                0x08006318      0x458 D:/Tools/STM32IDE/STM32CubeIDE_1.17.0/STM32CubeIDE/plugins/com.st.stm32cube.ide.mcu.externaltools.gnu-tools-for-stm32.12.3.rel1.win32_1.1.0.202410251130/tools/bin/../lib/gcc/arm-none-eabi/12.3.1/../../../../arm-none-eabi/lib/thumb/v7-m/nofp\libc_nano.a(libc_a-nano-vfprintf_float.o)
                0x08006318                _printf_float
 .text._printf_common
                0x08006770       0xe4 D:/Tools/STM32IDE/STM32CubeIDE_1.17.0/STM32CubeIDE/plugins/com.st.stm32cube.ide.mcu.externaltools.gnu-tools-for-stm32.12.3.rel1.win32_1.1.0.202410251130/tools/bin/../lib/gcc/arm-none-eabi/12.3.1/../../../../arm-none-eabi/lib/thumb/v7-m/nofp\libc_nano.a(libc_a-nano-vfprintf_i.o)
                0x08006770                _printf_common
 .text._printf_i
                0x08006854      0x240 D:/Tools/STM32IDE/STM32CubeIDE_1.17.0/STM32CubeIDE/plugins/com.st.stm32cube.ide.mcu.externaltools.gnu-tools-for-stm32.12.3.rel1.win32_1.1.0.202410251130/tools/bin/../lib/gcc/arm-none-eabi/12.3.1/../../../../arm-none-eabi/lib/thumb/v7-m/nofp\libc_nano.a(libc_a-nano-vfprintf_i.o)
                0x08006854                _printf_i
 .text._scanf_float
                0x08006a94      0x420 D:/Tools/STM32IDE/STM32CubeIDE_1.17.0/STM32CubeIDE/plugins/com.st.stm32cube.ide.mcu.externaltools.gnu-tools-for-stm32.12.3.rel1.win32_1.1.0.202410251130/tools/bin/../lib/gcc/arm-none-eabi/12.3.1/../../../../arm-none-eabi/lib/thumb/v7-m/nofp\libc_nano.a(libc_a-nano-vfscanf_float.o)
                0x08006a94                _scanf_float
 .text.std      0x08006eb4       0x6c D:/Tools/STM32IDE/STM32CubeIDE_1.17.0/STM32CubeIDE/plugins/com.st.stm32cube.ide.mcu.externaltools.gnu-tools-for-stm32.12.3.rel1.win32_1.1.0.202410251130/tools/bin/../lib/gcc/arm-none-eabi/12.3.1/../../../../arm-none-eabi/lib/thumb/v7-m/nofp\libc_nano.a(libc_a-findfp.o)
 .text.stdio_exit_handler
                0x08006f20       0x18 D:/Tools/STM32IDE/STM32CubeIDE_1.17.0/STM32CubeIDE/plugins/com.st.stm32cube.ide.mcu.externaltools.gnu-tools-for-stm32.12.3.rel1.win32_1.1.0.202410251130/tools/bin/../lib/gcc/arm-none-eabi/12.3.1/../../../../arm-none-eabi/lib/thumb/v7-m/nofp\libc_nano.a(libc_a-findfp.o)
 .text.cleanup_stdio
                0x08006f38       0x40 D:/Tools/STM32IDE/STM32CubeIDE_1.17.0/STM32CubeIDE/plugins/com.st.stm32cube.ide.mcu.externaltools.gnu-tools-for-stm32.12.3.rel1.win32_1.1.0.202410251130/tools/bin/../lib/gcc/arm-none-eabi/12.3.1/../../../../arm-none-eabi/lib/thumb/v7-m/nofp\libc_nano.a(libc_a-findfp.o)
 .text.global_stdio_init.part.0
                0x08006f78       0x3c D:/Tools/STM32IDE/STM32CubeIDE_1.17.0/STM32CubeIDE/plugins/com.st.stm32cube.ide.mcu.externaltools.gnu-tools-for-stm32.12.3.rel1.win32_1.1.0.202410251130/tools/bin/../lib/gcc/arm-none-eabi/12.3.1/../../../../arm-none-eabi/lib/thumb/v7-m/nofp\libc_nano.a(libc_a-findfp.o)
 .text.__sfp_lock_acquire
                0x08006fb4        0xc D:/Tools/STM32IDE/STM32CubeIDE_1.17.0/STM32CubeIDE/plugins/com.st.stm32cube.ide.mcu.externaltools.gnu-tools-for-stm32.12.3.rel1.win32_1.1.0.202410251130/tools/bin/../lib/gcc/arm-none-eabi/12.3.1/../../../../arm-none-eabi/lib/thumb/v7-m/nofp\libc_nano.a(libc_a-findfp.o)
                0x08006fb4                __sfp_lock_acquire
 .text.__sfp_lock_release
                0x08006fc0        0xc D:/Tools/STM32IDE/STM32CubeIDE_1.17.0/STM32CubeIDE/plugins/com.st.stm32cube.ide.mcu.externaltools.gnu-tools-for-stm32.12.3.rel1.win32_1.1.0.202410251130/tools/bin/../lib/gcc/arm-none-eabi/12.3.1/../../../../arm-none-eabi/lib/thumb/v7-m/nofp\libc_nano.a(libc_a-findfp.o)
                0x08006fc0                __sfp_lock_release
 .text.__sinit  0x08006fcc       0x30 D:/Tools/STM32IDE/STM32CubeIDE_1.17.0/STM32CubeIDE/plugins/com.st.stm32cube.ide.mcu.externaltools.gnu-tools-for-stm32.12.3.rel1.win32_1.1.0.202410251130/tools/bin/../lib/gcc/arm-none-eabi/12.3.1/../../../../arm-none-eabi/lib/thumb/v7-m/nofp\libc_nano.a(libc_a-findfp.o)
                0x08006fcc                __sinit
 .text._fwalk_sglue
                0x08006ffc       0x3c D:/Tools/STM32IDE/STM32CubeIDE_1.17.0/STM32CubeIDE/plugins/com.st.stm32cube.ide.mcu.externaltools.gnu-tools-for-stm32.12.3.rel1.win32_1.1.0.202410251130/tools/bin/../lib/gcc/arm-none-eabi/12.3.1/../../../../arm-none-eabi/lib/thumb/v7-m/nofp\libc_nano.a(libc_a-fwalk.o)
                0x08006ffc                _fwalk_sglue
 .text.sprintf  0x08007038       0x40 D:/Tools/STM32IDE/STM32CubeIDE_1.17.0/STM32CubeIDE/plugins/com.st.stm32cube.ide.mcu.externaltools.gnu-tools-for-stm32.12.3.rel1.win32_1.1.0.202410251130/tools/bin/../lib/gcc/arm-none-eabi/12.3.1/../../../../arm-none-eabi/lib/thumb/v7-m/nofp\libc_nano.a(libc_a-sprintf.o)
                0x08007038                siprintf
                0x08007038                sprintf
 .text.__sread  0x08007078       0x22 D:/Tools/STM32IDE/STM32CubeIDE_1.17.0/STM32CubeIDE/plugins/com.st.stm32cube.ide.mcu.externaltools.gnu-tools-for-stm32.12.3.rel1.win32_1.1.0.202410251130/tools/bin/../lib/gcc/arm-none-eabi/12.3.1/../../../../arm-none-eabi/lib/thumb/v7-m/nofp\libc_nano.a(libc_a-stdio.o)
                0x08007078                __sread
 .text.__swrite
                0x0800709a       0x38 D:/Tools/STM32IDE/STM32CubeIDE_1.17.0/STM32CubeIDE/plugins/com.st.stm32cube.ide.mcu.externaltools.gnu-tools-for-stm32.12.3.rel1.win32_1.1.0.202410251130/tools/bin/../lib/gcc/arm-none-eabi/12.3.1/../../../../arm-none-eabi/lib/thumb/v7-m/nofp\libc_nano.a(libc_a-stdio.o)
                0x0800709a                __swrite
 .text.__sseek  0x080070d2       0x24 D:/Tools/STM32IDE/STM32CubeIDE_1.17.0/STM32CubeIDE/plugins/com.st.stm32cube.ide.mcu.externaltools.gnu-tools-for-stm32.12.3.rel1.win32_1.1.0.202410251130/tools/bin/../lib/gcc/arm-none-eabi/12.3.1/../../../../arm-none-eabi/lib/thumb/v7-m/nofp\libc_nano.a(libc_a-stdio.o)
                0x080070d2                __sseek
 .text.__sclose
                0x080070f6        0x8 D:/Tools/STM32IDE/STM32CubeIDE_1.17.0/STM32CubeIDE/plugins/com.st.stm32cube.ide.mcu.externaltools.gnu-tools-for-stm32.12.3.rel1.win32_1.1.0.202410251130/tools/bin/../lib/gcc/arm-none-eabi/12.3.1/../../../../arm-none-eabi/lib/thumb/v7-m/nofp\libc_nano.a(libc_a-stdio.o)
                0x080070f6                __sclose
 .text.memset   0x080070fe       0x10 D:/Tools/STM32IDE/STM32CubeIDE_1.17.0/STM32CubeIDE/plugins/com.st.stm32cube.ide.mcu.externaltools.gnu-tools-for-stm32.12.3.rel1.win32_1.1.0.202410251130/tools/bin/../lib/gcc/arm-none-eabi/12.3.1/../../../../arm-none-eabi/lib/thumb/v7-m/nofp\libc_nano.a(libc_a-memset.o)
                0x080070fe                memset
 *fill*         0x0800710e        0x2 
 .text._localeconv_r
                0x08007110        0x8 D:/Tools/STM32IDE/STM32CubeIDE_1.17.0/STM32CubeIDE/plugins/com.st.stm32cube.ide.mcu.externaltools.gnu-tools-for-stm32.12.3.rel1.win32_1.1.0.202410251130/tools/bin/../lib/gcc/arm-none-eabi/12.3.1/../../../../arm-none-eabi/lib/thumb/v7-m/nofp\libc_nano.a(libc_a-localeconv.o)
                0x08007110                _localeconv_r
 .text._close_r
                0x08007118       0x20 D:/Tools/STM32IDE/STM32CubeIDE_1.17.0/STM32CubeIDE/plugins/com.st.stm32cube.ide.mcu.externaltools.gnu-tools-for-stm32.12.3.rel1.win32_1.1.0.202410251130/tools/bin/../lib/gcc/arm-none-eabi/12.3.1/../../../../arm-none-eabi/lib/thumb/v7-m/nofp\libc_nano.a(libc_a-closer.o)
                0x08007118                _close_r
 .text._lseek_r
                0x08007138       0x24 D:/Tools/STM32IDE/STM32CubeIDE_1.17.0/STM32CubeIDE/plugins/com.st.stm32cube.ide.mcu.externaltools.gnu-tools-for-stm32.12.3.rel1.win32_1.1.0.202410251130/tools/bin/../lib/gcc/arm-none-eabi/12.3.1/../../../../arm-none-eabi/lib/thumb/v7-m/nofp\libc_nano.a(libc_a-lseekr.o)
                0x08007138                _lseek_r
 .text._read_r  0x0800715c       0x24 D:/Tools/STM32IDE/STM32CubeIDE_1.17.0/STM32CubeIDE/plugins/com.st.stm32cube.ide.mcu.externaltools.gnu-tools-for-stm32.12.3.rel1.win32_1.1.0.202410251130/tools/bin/../lib/gcc/arm-none-eabi/12.3.1/../../../../arm-none-eabi/lib/thumb/v7-m/nofp\libc_nano.a(libc_a-readr.o)
                0x0800715c                _read_r
 .text._write_r
                0x08007180       0x24 D:/Tools/STM32IDE/STM32CubeIDE_1.17.0/STM32CubeIDE/plugins/com.st.stm32cube.ide.mcu.externaltools.gnu-tools-for-stm32.12.3.rel1.win32_1.1.0.202410251130/tools/bin/../lib/gcc/arm-none-eabi/12.3.1/../../../../arm-none-eabi/lib/thumb/v7-m/nofp\libc_nano.a(libc_a-writer.o)
                0x08007180                _write_r
 .text.__errno  0x080071a4        0xc D:/Tools/STM32IDE/STM32CubeIDE_1.17.0/STM32CubeIDE/plugins/com.st.stm32cube.ide.mcu.externaltools.gnu-tools-for-stm32.12.3.rel1.win32_1.1.0.202410251130/tools/bin/../lib/gcc/arm-none-eabi/12.3.1/../../../../arm-none-eabi/lib/thumb/v7-m/nofp\libc_nano.a(libc_a-errno.o)
                0x080071a4                __errno
 .text.__libc_init_array
                0x080071b0       0x48 D:/Tools/STM32IDE/STM32CubeIDE_1.17.0/STM32CubeIDE/plugins/com.st.stm32cube.ide.mcu.externaltools.gnu-tools-for-stm32.12.3.rel1.win32_1.1.0.202410251130/tools/bin/../lib/gcc/arm-none-eabi/12.3.1/../../../../arm-none-eabi/lib/thumb/v7-m/nofp\libc_nano.a(libc_a-init.o)
                0x080071b0                __libc_init_array
 .text.__retarget_lock_init_recursive
                0x080071f8        0x2 D:/Tools/STM32IDE/STM32CubeIDE_1.17.0/STM32CubeIDE/plugins/com.st.stm32cube.ide.mcu.externaltools.gnu-tools-for-stm32.12.3.rel1.win32_1.1.0.202410251130/tools/bin/../lib/gcc/arm-none-eabi/12.3.1/../../../../arm-none-eabi/lib/thumb/v7-m/nofp\libc_nano.a(libc_a-lock.o)
                0x080071f8                __retarget_lock_init_recursive
 .text.__retarget_lock_acquire_recursive
                0x080071fa        0x2 D:/Tools/STM32IDE/STM32CubeIDE_1.17.0/STM32CubeIDE/plugins/com.st.stm32cube.ide.mcu.externaltools.gnu-tools-for-stm32.12.3.rel1.win32_1.1.0.202410251130/tools/bin/../lib/gcc/arm-none-eabi/12.3.1/../../../../arm-none-eabi/lib/thumb/v7-m/nofp\libc_nano.a(libc_a-lock.o)
                0x080071fa                __retarget_lock_acquire_recursive
 .text.__retarget_lock_release_recursive
                0x080071fc        0x2 D:/Tools/STM32IDE/STM32CubeIDE_1.17.0/STM32CubeIDE/plugins/com.st.stm32cube.ide.mcu.externaltools.gnu-tools-for-stm32.12.3.rel1.win32_1.1.0.202410251130/tools/bin/../lib/gcc/arm-none-eabi/12.3.1/../../../../arm-none-eabi/lib/thumb/v7-m/nofp\libc_nano.a(libc_a-lock.o)
                0x080071fc                __retarget_lock_release_recursive
 .text.memchr   0x080071fe       0x1c D:/Tools/STM32IDE/STM32CubeIDE_1.17.0/STM32CubeIDE/plugins/com.st.stm32cube.ide.mcu.externaltools.gnu-tools-for-stm32.12.3.rel1.win32_1.1.0.202410251130/tools/bin/../lib/gcc/arm-none-eabi/12.3.1/../../../../arm-none-eabi/lib/thumb/v7-m/nofp\libc_nano.a(libc_a-memchr-stub.o)
                0x080071fe                memchr
 .text.memcpy   0x0800721a       0x1c D:/Tools/STM32IDE/STM32CubeIDE_1.17.0/STM32CubeIDE/plugins/com.st.stm32cube.ide.mcu.externaltools.gnu-tools-for-stm32.12.3.rel1.win32_1.1.0.202410251130/tools/bin/../lib/gcc/arm-none-eabi/12.3.1/../../../../arm-none-eabi/lib/thumb/v7-m/nofp\libc_nano.a(libc_a-memcpy-stub.o)
                0x0800721a                memcpy
 *fill*         0x08007236        0x2 
 .text.nanf     0x08007238        0x8 D:/Tools/STM32IDE/STM32CubeIDE_1.17.0/STM32CubeIDE/plugins/com.st.stm32cube.ide.mcu.externaltools.gnu-tools-for-stm32.12.3.rel1.win32_1.1.0.202410251130/tools/bin/../lib/gcc/arm-none-eabi/12.3.1/../../../../arm-none-eabi/lib/thumb/v7-m/nofp\libc_nano.a(libm_a-sf_nan.o)
                0x08007238                nanf
 .text.quorem   0x08007240      0x110 D:/Tools/STM32IDE/STM32CubeIDE_1.17.0/STM32CubeIDE/plugins/com.st.stm32cube.ide.mcu.externaltools.gnu-tools-for-stm32.12.3.rel1.win32_1.1.0.202410251130/tools/bin/../lib/gcc/arm-none-eabi/12.3.1/../../../../arm-none-eabi/lib/thumb/v7-m/nofp\libc_nano.a(libc_a-dtoa.o)
 .text._dtoa_r  0x08007350      0xb90 D:/Tools/STM32IDE/STM32CubeIDE_1.17.0/STM32CubeIDE/plugins/com.st.stm32cube.ide.mcu.externaltools.gnu-tools-for-stm32.12.3.rel1.win32_1.1.0.202410251130/tools/bin/../lib/gcc/arm-none-eabi/12.3.1/../../../../arm-none-eabi/lib/thumb/v7-m/nofp\libc_nano.a(libc_a-dtoa.o)
                0x08007350                _dtoa_r
 .text._free_r  0x08007ee0       0x90 D:/Tools/STM32IDE/STM32CubeIDE_1.17.0/STM32CubeIDE/plugins/com.st.stm32cube.ide.mcu.externaltools.gnu-tools-for-stm32.12.3.rel1.win32_1.1.0.202410251130/tools/bin/../lib/gcc/arm-none-eabi/12.3.1/../../../../arm-none-eabi/lib/thumb/v7-m/nofp\libc_nano.a(libc_a-freer.o)
                0x08007ee0                _free_r
 .text.malloc   0x08007f70       0x10 D:/Tools/STM32IDE/STM32CubeIDE_1.17.0/STM32CubeIDE/plugins/com.st.stm32cube.ide.mcu.externaltools.gnu-tools-for-stm32.12.3.rel1.win32_1.1.0.202410251130/tools/bin/../lib/gcc/arm-none-eabi/12.3.1/../../../../arm-none-eabi/lib/thumb/v7-m/nofp\libc_nano.a(libc_a-malloc.o)
                0x08007f70                malloc
 .text.sbrk_aligned
                0x08007f80       0x44 D:/Tools/STM32IDE/STM32CubeIDE_1.17.0/STM32CubeIDE/plugins/com.st.stm32cube.ide.mcu.externaltools.gnu-tools-for-stm32.12.3.rel1.win32_1.1.0.202410251130/tools/bin/../lib/gcc/arm-none-eabi/12.3.1/../../../../arm-none-eabi/lib/thumb/v7-m/nofp\libc_nano.a(libc_a-mallocr.o)
 .text._malloc_r
                0x08007fc4      0x100 D:/Tools/STM32IDE/STM32CubeIDE_1.17.0/STM32CubeIDE/plugins/com.st.stm32cube.ide.mcu.externaltools.gnu-tools-for-stm32.12.3.rel1.win32_1.1.0.202410251130/tools/bin/../lib/gcc/arm-none-eabi/12.3.1/../../../../arm-none-eabi/lib/thumb/v7-m/nofp\libc_nano.a(libc_a-mallocr.o)
                0x08007fc4                _malloc_r
 .text.__malloc_lock
                0x080080c4        0xc D:/Tools/STM32IDE/STM32CubeIDE_1.17.0/STM32CubeIDE/plugins/com.st.stm32cube.ide.mcu.externaltools.gnu-tools-for-stm32.12.3.rel1.win32_1.1.0.202410251130/tools/bin/../lib/gcc/arm-none-eabi/12.3.1/../../../../arm-none-eabi/lib/thumb/v7-m/nofp\libc_nano.a(libc_a-mlock.o)
                0x080080c4                __malloc_lock
 .text.__malloc_unlock
                0x080080d0        0xc D:/Tools/STM32IDE/STM32CubeIDE_1.17.0/STM32CubeIDE/plugins/com.st.stm32cube.ide.mcu.externaltools.gnu-tools-for-stm32.12.3.rel1.win32_1.1.0.202410251130/tools/bin/../lib/gcc/arm-none-eabi/12.3.1/../../../../arm-none-eabi/lib/thumb/v7-m/nofp\libc_nano.a(libc_a-mlock.o)
                0x080080d0                __malloc_unlock
 .text._Balloc  0x080080dc       0x80 D:/Tools/STM32IDE/STM32CubeIDE_1.17.0/STM32CubeIDE/plugins/com.st.stm32cube.ide.mcu.externaltools.gnu-tools-for-stm32.12.3.rel1.win32_1.1.0.202410251130/tools/bin/../lib/gcc/arm-none-eabi/12.3.1/../../../../arm-none-eabi/lib/thumb/v7-m/nofp\libc_nano.a(libc_a-mprec.o)
                0x080080dc                _Balloc
 .text._Bfree   0x0800815c       0x44 D:/Tools/STM32IDE/STM32CubeIDE_1.17.0/STM32CubeIDE/plugins/com.st.stm32cube.ide.mcu.externaltools.gnu-tools-for-stm32.12.3.rel1.win32_1.1.0.202410251130/tools/bin/../lib/gcc/arm-none-eabi/12.3.1/../../../../arm-none-eabi/lib/thumb/v7-m/nofp\libc_nano.a(libc_a-mprec.o)
                0x0800815c                _Bfree
 .text.__multadd
                0x080081a0       0x8c D:/Tools/STM32IDE/STM32CubeIDE_1.17.0/STM32CubeIDE/plugins/com.st.stm32cube.ide.mcu.externaltools.gnu-tools-for-stm32.12.3.rel1.win32_1.1.0.202410251130/tools/bin/../lib/gcc/arm-none-eabi/12.3.1/../../../../arm-none-eabi/lib/thumb/v7-m/nofp\libc_nano.a(libc_a-mprec.o)
                0x080081a0                __multadd
 .text.__s2b    0x0800822c       0x94 D:/Tools/STM32IDE/STM32CubeIDE_1.17.0/STM32CubeIDE/plugins/com.st.stm32cube.ide.mcu.externaltools.gnu-tools-for-stm32.12.3.rel1.win32_1.1.0.202410251130/tools/bin/../lib/gcc/arm-none-eabi/12.3.1/../../../../arm-none-eabi/lib/thumb/v7-m/nofp\libc_nano.a(libc_a-mprec.o)
                0x0800822c                __s2b
 .text.__hi0bits
                0x080082c0       0x3e D:/Tools/STM32IDE/STM32CubeIDE_1.17.0/STM32CubeIDE/plugins/com.st.stm32cube.ide.mcu.externaltools.gnu-tools-for-stm32.12.3.rel1.win32_1.1.0.202410251130/tools/bin/../lib/gcc/arm-none-eabi/12.3.1/../../../../arm-none-eabi/lib/thumb/v7-m/nofp\libc_nano.a(libc_a-mprec.o)
                0x080082c0                __hi0bits
 .text.__lo0bits
                0x080082fe       0x5a D:/Tools/STM32IDE/STM32CubeIDE_1.17.0/STM32CubeIDE/plugins/com.st.stm32cube.ide.mcu.externaltools.gnu-tools-for-stm32.12.3.rel1.win32_1.1.0.202410251130/tools/bin/../lib/gcc/arm-none-eabi/12.3.1/../../../../arm-none-eabi/lib/thumb/v7-m/nofp\libc_nano.a(libc_a-mprec.o)
                0x080082fe                __lo0bits
 .text.__i2b    0x08008358       0x2c D:/Tools/STM32IDE/STM32CubeIDE_1.17.0/STM32CubeIDE/plugins/com.st.stm32cube.ide.mcu.externaltools.gnu-tools-for-stm32.12.3.rel1.win32_1.1.0.202410251130/tools/bin/../lib/gcc/arm-none-eabi/12.3.1/../../../../arm-none-eabi/lib/thumb/v7-m/nofp\libc_nano.a(libc_a-mprec.o)
                0x08008358                __i2b
 .text.__multiply
                0x08008384      0x150 D:/Tools/STM32IDE/STM32CubeIDE_1.17.0/STM32CubeIDE/plugins/com.st.stm32cube.ide.mcu.externaltools.gnu-tools-for-stm32.12.3.rel1.win32_1.1.0.202410251130/tools/bin/../lib/gcc/arm-none-eabi/12.3.1/../../../../arm-none-eabi/lib/thumb/v7-m/nofp\libc_nano.a(libc_a-mprec.o)
                0x08008384                __multiply
 .text.__pow5mult
                0x080084d4       0xb4 D:/Tools/STM32IDE/STM32CubeIDE_1.17.0/STM32CubeIDE/plugins/com.st.stm32cube.ide.mcu.externaltools.gnu-tools-for-stm32.12.3.rel1.win32_1.1.0.202410251130/tools/bin/../lib/gcc/arm-none-eabi/12.3.1/../../../../arm-none-eabi/lib/thumb/v7-m/nofp\libc_nano.a(libc_a-mprec.o)
                0x080084d4                __pow5mult
 .text.__lshift
                0x08008588       0xd8 D:/Tools/STM32IDE/STM32CubeIDE_1.17.0/STM32CubeIDE/plugins/com.st.stm32cube.ide.mcu.externaltools.gnu-tools-for-stm32.12.3.rel1.win32_1.1.0.202410251130/tools/bin/../lib/gcc/arm-none-eabi/12.3.1/../../../../arm-none-eabi/lib/thumb/v7-m/nofp\libc_nano.a(libc_a-mprec.o)
                0x08008588                __lshift
 .text.__mcmp   0x08008660       0x36 D:/Tools/STM32IDE/STM32CubeIDE_1.17.0/STM32CubeIDE/plugins/com.st.stm32cube.ide.mcu.externaltools.gnu-tools-for-stm32.12.3.rel1.win32_1.1.0.202410251130/tools/bin/../lib/gcc/arm-none-eabi/12.3.1/../../../../arm-none-eabi/lib/thumb/v7-m/nofp\libc_nano.a(libc_a-mprec.o)
                0x08008660                __mcmp
 *fill*         0x08008696        0x2 
 .text.__mdiff  0x08008698      0x128 D:/Tools/STM32IDE/STM32CubeIDE_1.17.0/STM32CubeIDE/plugins/com.st.stm32cube.ide.mcu.externaltools.gnu-tools-for-stm32.12.3.rel1.win32_1.1.0.202410251130/tools/bin/../lib/gcc/arm-none-eabi/12.3.1/../../../../arm-none-eabi/lib/thumb/v7-m/nofp\libc_nano.a(libc_a-mprec.o)
                0x08008698                __mdiff
 .text.__ulp    0x080087c0       0x40 D:/Tools/STM32IDE/STM32CubeIDE_1.17.0/STM32CubeIDE/plugins/com.st.stm32cube.ide.mcu.externaltools.gnu-tools-for-stm32.12.3.rel1.win32_1.1.0.202410251130/tools/bin/../lib/gcc/arm-none-eabi/12.3.1/../../../../arm-none-eabi/lib/thumb/v7-m/nofp\libc_nano.a(libc_a-mprec.o)
                0x080087c0                __ulp
 .text.__b2d    0x08008800       0x90 D:/Tools/STM32IDE/STM32CubeIDE_1.17.0/STM32CubeIDE/plugins/com.st.stm32cube.ide.mcu.externaltools.gnu-tools-for-stm32.12.3.rel1.win32_1.1.0.202410251130/tools/bin/../lib/gcc/arm-none-eabi/12.3.1/../../../../arm-none-eabi/lib/thumb/v7-m/nofp\libc_nano.a(libc_a-mprec.o)
                0x08008800                __b2d
 .text.__d2b    0x08008890       0xb0 D:/Tools/STM32IDE/STM32CubeIDE_1.17.0/STM32CubeIDE/plugins/com.st.stm32cube.ide.mcu.externaltools.gnu-tools-for-stm32.12.3.rel1.win32_1.1.0.202410251130/tools/bin/../lib/gcc/arm-none-eabi/12.3.1/../../../../arm-none-eabi/lib/thumb/v7-m/nofp\libc_nano.a(libc_a-mprec.o)
                0x08008890                __d2b
 .text.__ratio  0x08008940       0x60 D:/Tools/STM32IDE/STM32CubeIDE_1.17.0/STM32CubeIDE/plugins/com.st.stm32cube.ide.mcu.externaltools.gnu-tools-for-stm32.12.3.rel1.win32_1.1.0.202410251130/tools/bin/../lib/gcc/arm-none-eabi/12.3.1/../../../../arm-none-eabi/lib/thumb/v7-m/nofp\libc_nano.a(libc_a-mprec.o)
                0x08008940                __ratio
 .text.__copybits
                0x080089a0       0x46 D:/Tools/STM32IDE/STM32CubeIDE_1.17.0/STM32CubeIDE/plugins/com.st.stm32cube.ide.mcu.externaltools.gnu-tools-for-stm32.12.3.rel1.win32_1.1.0.202410251130/tools/bin/../lib/gcc/arm-none-eabi/12.3.1/../../../../arm-none-eabi/lib/thumb/v7-m/nofp\libc_nano.a(libc_a-mprec.o)
                0x080089a0                __copybits
 .text.__any_on
                0x080089e6       0x42 D:/Tools/STM32IDE/STM32CubeIDE_1.17.0/STM32CubeIDE/plugins/com.st.stm32cube.ide.mcu.externaltools.gnu-tools-for-stm32.12.3.rel1.win32_1.1.0.202410251130/tools/bin/../lib/gcc/arm-none-eabi/12.3.1/../../../../arm-none-eabi/lib/thumb/v7-m/nofp\libc_nano.a(libc_a-mprec.o)
                0x080089e6                __any_on
 .text.sulp     0x08008a28       0x42 D:/Tools/STM32IDE/STM32CubeIDE_1.17.0/STM32CubeIDE/plugins/com.st.stm32cube.ide.mcu.externaltools.gnu-tools-for-stm32.12.3.rel1.win32_1.1.0.202410251130/tools/bin/../lib/gcc/arm-none-eabi/12.3.1/../../../../arm-none-eabi/lib/thumb/v7-m/nofp\libc_nano.a(libc_a-strtod.o)
 *fill*         0x08008a6a        0x6 
 .text._strtod_l
                0x08008a70      0xbb0 D:/Tools/STM32IDE/STM32CubeIDE_1.17.0/STM32CubeIDE/plugins/com.st.stm32cube.ide.mcu.externaltools.gnu-tools-for-stm32.12.3.rel1.win32_1.1.0.202410251130/tools/bin/../lib/gcc/arm-none-eabi/12.3.1/../../../../arm-none-eabi/lib/thumb/v7-m/nofp\libc_nano.a(libc_a-strtod.o)
                0x08008a70                _strtod_l
 .text._strtod_r
                0x08009620        0xc D:/Tools/STM32IDE/STM32CubeIDE_1.17.0/STM32CubeIDE/plugins/com.st.stm32cube.ide.mcu.externaltools.gnu-tools-for-stm32.12.3.rel1.win32_1.1.0.202410251130/tools/bin/../lib/gcc/arm-none-eabi/12.3.1/../../../../arm-none-eabi/lib/thumb/v7-m/nofp\libc_nano.a(libc_a-strtod.o)
                0x08009620                _strtod_r
 .text._strtol_l.constprop.0
                0x0800962c       0xf4 D:/Tools/STM32IDE/STM32CubeIDE_1.17.0/STM32CubeIDE/plugins/com.st.stm32cube.ide.mcu.externaltools.gnu-tools-for-stm32.12.3.rel1.win32_1.1.0.202410251130/tools/bin/../lib/gcc/arm-none-eabi/12.3.1/../../../../arm-none-eabi/lib/thumb/v7-m/nofp\libc_nano.a(libc_a-strtol.o)
 .text._strtol_r
                0x08009720        0x4 D:/Tools/STM32IDE/STM32CubeIDE_1.17.0/STM32CubeIDE/plugins/com.st.stm32cube.ide.mcu.externaltools.gnu-tools-for-stm32.12.3.rel1.win32_1.1.0.202410251130/tools/bin/../lib/gcc/arm-none-eabi/12.3.1/../../../../arm-none-eabi/lib/thumb/v7-m/nofp\libc_nano.a(libc_a-strtol.o)
                0x08009720                _strtol_r
 .text.__ssputs_r
                0x08009724       0xb6 D:/Tools/STM32IDE/STM32CubeIDE_1.17.0/STM32CubeIDE/plugins/com.st.stm32cube.ide.mcu.externaltools.gnu-tools-for-stm32.12.3.rel1.win32_1.1.0.202410251130/tools/bin/../lib/gcc/arm-none-eabi/12.3.1/../../../../arm-none-eabi/lib/thumb/v7-m/nofp\libc_nano.a(libc_a-nano-svfprintf.o)
                0x08009724                __ssputs_r
 *fill*         0x080097da        0x2 
 .text._svfprintf_r
                0x080097dc      0x1f8 D:/Tools/STM32IDE/STM32CubeIDE_1.17.0/STM32CubeIDE/plugins/com.st.stm32cube.ide.mcu.externaltools.gnu-tools-for-stm32.12.3.rel1.win32_1.1.0.202410251130/tools/bin/../lib/gcc/arm-none-eabi/12.3.1/../../../../arm-none-eabi/lib/thumb/v7-m/nofp\libc_nano.a(libc_a-nano-svfprintf.o)
                0x080097dc                _svfiprintf_r
                0x080097dc                _svfprintf_r
 .text.__sflush_r
                0x080099d4      0x100 D:/Tools/STM32IDE/STM32CubeIDE_1.17.0/STM32CubeIDE/plugins/com.st.stm32cube.ide.mcu.externaltools.gnu-tools-for-stm32.12.3.rel1.win32_1.1.0.202410251130/tools/bin/../lib/gcc/arm-none-eabi/12.3.1/../../../../arm-none-eabi/lib/thumb/v7-m/nofp\libc_nano.a(libc_a-fflush.o)
                0x080099d4                __sflush_r
 .text._fflush_r
                0x08009ad4       0x50 D:/Tools/STM32IDE/STM32CubeIDE_1.17.0/STM32CubeIDE/plugins/com.st.stm32cube.ide.mcu.externaltools.gnu-tools-for-stm32.12.3.rel1.win32_1.1.0.202410251130/tools/bin/../lib/gcc/arm-none-eabi/12.3.1/../../../../arm-none-eabi/lib/thumb/v7-m/nofp\libc_nano.a(libc_a-fflush.o)
                0x08009ad4                _fflush_r
 .text.memmove  0x08009b24       0x34 D:/Tools/STM32IDE/STM32CubeIDE_1.17.0/STM32CubeIDE/plugins/com.st.stm32cube.ide.mcu.externaltools.gnu-tools-for-stm32.12.3.rel1.win32_1.1.0.202410251130/tools/bin/../lib/gcc/arm-none-eabi/12.3.1/../../../../arm-none-eabi/lib/thumb/v7-m/nofp\libc_nano.a(libc_a-memmove.o)
                0x08009b24                memmove
 .text.strncmp  0x08009b58       0x24 D:/Tools/STM32IDE/STM32CubeIDE_1.17.0/STM32CubeIDE/plugins/com.st.stm32cube.ide.mcu.externaltools.gnu-tools-for-stm32.12.3.rel1.win32_1.1.0.202410251130/tools/bin/../lib/gcc/arm-none-eabi/12.3.1/../../../../arm-none-eabi/lib/thumb/v7-m/nofp\libc_nano.a(libc_a-strncmp.o)
                0x08009b58                strncmp
 .text._sbrk_r  0x08009b7c       0x20 D:/Tools/STM32IDE/STM32CubeIDE_1.17.0/STM32CubeIDE/plugins/com.st.stm32cube.ide.mcu.externaltools.gnu-tools-for-stm32.12.3.rel1.win32_1.1.0.202410251130/tools/bin/../lib/gcc/arm-none-eabi/12.3.1/../../../../arm-none-eabi/lib/thumb/v7-m/nofp\libc_nano.a(libc_a-sbrkr.o)
                0x08009b7c                _sbrk_r
 .text.nan      0x08009b9c        0xc D:/Tools/STM32IDE/STM32CubeIDE_1.17.0/STM32CubeIDE/plugins/com.st.stm32cube.ide.mcu.externaltools.gnu-tools-for-stm32.12.3.rel1.win32_1.1.0.202410251130/tools/bin/../lib/gcc/arm-none-eabi/12.3.1/../../../../arm-none-eabi/lib/thumb/v7-m/nofp\libc_nano.a(libm_a-s_nan.o)
                0x08009b9c                nan
 .text.__assert_func
                0x08009ba8       0x3c D:/Tools/STM32IDE/STM32CubeIDE_1.17.0/STM32CubeIDE/plugins/com.st.stm32cube.ide.mcu.externaltools.gnu-tools-for-stm32.12.3.rel1.win32_1.1.0.202410251130/tools/bin/../lib/gcc/arm-none-eabi/12.3.1/../../../../arm-none-eabi/lib/thumb/v7-m/nofp\libc_nano.a(libc_a-assert.o)
                0x08009ba8                __assert_func
 .text._calloc_r
                0x08009be4       0x28 D:/Tools/STM32IDE/STM32CubeIDE_1.17.0/STM32CubeIDE/plugins/com.st.stm32cube.ide.mcu.externaltools.gnu-tools-for-stm32.12.3.rel1.win32_1.1.0.202410251130/tools/bin/../lib/gcc/arm-none-eabi/12.3.1/../../../../arm-none-eabi/lib/thumb/v7-m/nofp\libc_nano.a(libc_a-callocr.o)
                0x08009be4                _calloc_r
 .text.rshift   0x08009c0c       0xa6 D:/Tools/STM32IDE/STM32CubeIDE_1.17.0/STM32CubeIDE/plugins/com.st.stm32cube.ide.mcu.externaltools.gnu-tools-for-stm32.12.3.rel1.win32_1.1.0.202410251130/tools/bin/../lib/gcc/arm-none-eabi/12.3.1/../../../../arm-none-eabi/lib/thumb/v7-m/nofp\libc_nano.a(libc_a-gdtoa-gethex.o)
 .text.__hexdig_fun
                0x08009cb2       0x2a D:/Tools/STM32IDE/STM32CubeIDE_1.17.0/STM32CubeIDE/plugins/com.st.stm32cube.ide.mcu.externaltools.gnu-tools-for-stm32.12.3.rel1.win32_1.1.0.202410251130/tools/bin/../lib/gcc/arm-none-eabi/12.3.1/../../../../arm-none-eabi/lib/thumb/v7-m/nofp\libc_nano.a(libc_a-gdtoa-gethex.o)
                0x08009cb2                __hexdig_fun
 .text.__gethex
                0x08009cdc      0x420 D:/Tools/STM32IDE/STM32CubeIDE_1.17.0/STM32CubeIDE/plugins/com.st.stm32cube.ide.mcu.externaltools.gnu-tools-for-stm32.12.3.rel1.win32_1.1.0.202410251130/tools/bin/../lib/gcc/arm-none-eabi/12.3.1/../../../../arm-none-eabi/lib/thumb/v7-m/nofp\libc_nano.a(libc_a-gdtoa-gethex.o)
                0x08009cdc                __gethex
 .text.L_shift  0x0800a0fc       0x24 D:/Tools/STM32IDE/STM32CubeIDE_1.17.0/STM32CubeIDE/plugins/com.st.stm32cube.ide.mcu.externaltools.gnu-tools-for-stm32.12.3.rel1.win32_1.1.0.202410251130/tools/bin/../lib/gcc/arm-none-eabi/12.3.1/../../../../arm-none-eabi/lib/thumb/v7-m/nofp\libc_nano.a(libc_a-gdtoa-hexnan.o)
 .text.__match  0x0800a120       0x28 D:/Tools/STM32IDE/STM32CubeIDE_1.17.0/STM32CubeIDE/plugins/com.st.stm32cube.ide.mcu.externaltools.gnu-tools-for-stm32.12.3.rel1.win32_1.1.0.202410251130/tools/bin/../lib/gcc/arm-none-eabi/12.3.1/../../../../arm-none-eabi/lib/thumb/v7-m/nofp\libc_nano.a(libc_a-gdtoa-hexnan.o)
                0x0800a120                __match
 .text.__hexnan
                0x0800a148      0x136 D:/Tools/STM32IDE/STM32CubeIDE_1.17.0/STM32CubeIDE/plugins/com.st.stm32cube.ide.mcu.externaltools.gnu-tools-for-stm32.12.3.rel1.win32_1.1.0.202410251130/tools/bin/../lib/gcc/arm-none-eabi/12.3.1/../../../../arm-none-eabi/lib/thumb/v7-m/nofp\libc_nano.a(libc_a-gdtoa-hexnan.o)
                0x0800a148                __hexnan
 .text.__ascii_mbtowc
                0x0800a27e       0x24 D:/Tools/STM32IDE/STM32CubeIDE_1.17.0/STM32CubeIDE/plugins/com.st.stm32cube.ide.mcu.externaltools.gnu-tools-for-stm32.12.3.rel1.win32_1.1.0.202410251130/tools/bin/../lib/gcc/arm-none-eabi/12.3.1/../../../../arm-none-eabi/lib/thumb/v7-m/nofp\libc_nano.a(libc_a-mbtowc_r.o)
                0x0800a27e                __ascii_mbtowc
 .text._realloc_r
                0x0800a2a2       0x5c D:/Tools/STM32IDE/STM32CubeIDE_1.17.0/STM32CubeIDE/plugins/com.st.stm32cube.ide.mcu.externaltools.gnu-tools-for-stm32.12.3.rel1.win32_1.1.0.202410251130/tools/bin/../lib/gcc/arm-none-eabi/12.3.1/../../../../arm-none-eabi/lib/thumb/v7-m/nofp\libc_nano.a(libc_a-reallocr.o)
                0x0800a2a2                _realloc_r
 .text.__ascii_wctomb
                0x0800a2fe       0x1a D:/Tools/STM32IDE/STM32CubeIDE_1.17.0/STM32CubeIDE/plugins/com.st.stm32cube.ide.mcu.externaltools.gnu-tools-for-stm32.12.3.rel1.win32_1.1.0.202410251130/tools/bin/../lib/gcc/arm-none-eabi/12.3.1/../../../../arm-none-eabi/lib/thumb/v7-m/nofp\libc_nano.a(libc_a-wctomb_r.o)
                0x0800a2fe                __ascii_wctomb
 .text.fprintf  0x0800a318       0x24 D:/Tools/STM32IDE/STM32CubeIDE_1.17.0/STM32CubeIDE/plugins/com.st.stm32cube.ide.mcu.externaltools.gnu-tools-for-stm32.12.3.rel1.win32_1.1.0.202410251130/tools/bin/../lib/gcc/arm-none-eabi/12.3.1/../../../../arm-none-eabi/lib/thumb/v7-m/nofp\libc_nano.a(libc_a-fprintf.o)
                0x0800a318                fiprintf
                0x0800a318                fprintf
 .text.abort    0x0800a33c        0xe D:/Tools/STM32IDE/STM32CubeIDE_1.17.0/STM32CubeIDE/plugins/com.st.stm32cube.ide.mcu.externaltools.gnu-tools-for-stm32.12.3.rel1.win32_1.1.0.202410251130/tools/bin/../lib/gcc/arm-none-eabi/12.3.1/../../../../arm-none-eabi/lib/thumb/v7-m/nofp\libc_nano.a(libc_a-abort.o)
                0x0800a33c                abort
 .text._malloc_usable_size_r
                0x0800a34a       0x10 D:/Tools/STM32IDE/STM32CubeIDE_1.17.0/STM32CubeIDE/plugins/com.st.stm32cube.ide.mcu.externaltools.gnu-tools-for-stm32.12.3.rel1.win32_1.1.0.202410251130/tools/bin/../lib/gcc/arm-none-eabi/12.3.1/../../../../arm-none-eabi/lib/thumb/v7-m/nofp\libc_nano.a(libc_a-msizer.o)
                0x0800a34a                _malloc_usable_size_r
 .text.__sfputc_r
                0x0800a35a       0x2a D:/Tools/STM32IDE/STM32CubeIDE_1.17.0/STM32CubeIDE/plugins/com.st.stm32cube.ide.mcu.externaltools.gnu-tools-for-stm32.12.3.rel1.win32_1.1.0.202410251130/tools/bin/../lib/gcc/arm-none-eabi/12.3.1/../../../../arm-none-eabi/lib/thumb/v7-m/nofp\libc_nano.a(libc_a-nano-vfprintf.o)
 .text.__sfputs_r
                0x0800a384       0x24 D:/Tools/STM32IDE/STM32CubeIDE_1.17.0/STM32CubeIDE/plugins/com.st.stm32cube.ide.mcu.externaltools.gnu-tools-for-stm32.12.3.rel1.win32_1.1.0.202410251130/tools/bin/../lib/gcc/arm-none-eabi/12.3.1/../../../../arm-none-eabi/lib/thumb/v7-m/nofp\libc_nano.a(libc_a-nano-vfprintf.o)
                0x0800a384                __sfputs_r
 .text._vfprintf_r
                0x0800a3a8      0x230 D:/Tools/STM32IDE/STM32CubeIDE_1.17.0/STM32CubeIDE/plugins/com.st.stm32cube.ide.mcu.externaltools.gnu-tools-for-stm32.12.3.rel1.win32_1.1.0.202410251130/tools/bin/../lib/gcc/arm-none-eabi/12.3.1/../../../../arm-none-eabi/lib/thumb/v7-m/nofp\libc_nano.a(libc_a-nano-vfprintf.o)
                0x0800a3a8                _vfprintf_r
                0x0800a3a8                _vfiprintf_r
 .text.__swbuf_r
                0x0800a5d8       0x7c D:/Tools/STM32IDE/STM32CubeIDE_1.17.0/STM32CubeIDE/plugins/com.st.stm32cube.ide.mcu.externaltools.gnu-tools-for-stm32.12.3.rel1.win32_1.1.0.202410251130/tools/bin/../lib/gcc/arm-none-eabi/12.3.1/../../../../arm-none-eabi/lib/thumb/v7-m/nofp\libc_nano.a(libc_a-wbuf.o)
                0x0800a5d8                __swbuf_r
 .text.__swsetup_r
                0x0800a654       0xac D:/Tools/STM32IDE/STM32CubeIDE_1.17.0/STM32CubeIDE/plugins/com.st.stm32cube.ide.mcu.externaltools.gnu-tools-for-stm32.12.3.rel1.win32_1.1.0.202410251130/tools/bin/../lib/gcc/arm-none-eabi/12.3.1/../../../../arm-none-eabi/lib/thumb/v7-m/nofp\libc_nano.a(libc_a-wsetup.o)
                0x0800a654                __swsetup_r
 .text._raise_r
                0x0800a700       0x50 D:/Tools/STM32IDE/STM32CubeIDE_1.17.0/STM32CubeIDE/plugins/com.st.stm32cube.ide.mcu.externaltools.gnu-tools-for-stm32.12.3.rel1.win32_1.1.0.202410251130/tools/bin/../lib/gcc/arm-none-eabi/12.3.1/../../../../arm-none-eabi/lib/thumb/v7-m/nofp\libc_nano.a(libc_a-signal.o)
                0x0800a700                _raise_r
 .text.raise    0x0800a750       0x10 D:/Tools/STM32IDE/STM32CubeIDE_1.17.0/STM32CubeIDE/plugins/com.st.stm32cube.ide.mcu.externaltools.gnu-tools-for-stm32.12.3.rel1.win32_1.1.0.202410251130/tools/bin/../lib/gcc/arm-none-eabi/12.3.1/../../../../arm-none-eabi/lib/thumb/v7-m/nofp\libc_nano.a(libc_a-signal.o)
                0x0800a750                raise
 .text._kill_r  0x0800a760       0x24 D:/Tools/STM32IDE/STM32CubeIDE_1.17.0/STM32CubeIDE/plugins/com.st.stm32cube.ide.mcu.externaltools.gnu-tools-for-stm32.12.3.rel1.win32_1.1.0.202410251130/tools/bin/../lib/gcc/arm-none-eabi/12.3.1/../../../../arm-none-eabi/lib/thumb/v7-m/nofp\libc_nano.a(libc_a-signalr.o)
                0x0800a760                _kill_r
 .text._getpid_r
                0x0800a784        0x4 D:/Tools/STM32IDE/STM32CubeIDE_1.17.0/STM32CubeIDE/plugins/com.st.stm32cube.ide.mcu.externaltools.gnu-tools-for-stm32.12.3.rel1.win32_1.1.0.202410251130/tools/bin/../lib/gcc/arm-none-eabi/12.3.1/../../../../arm-none-eabi/lib/thumb/v7-m/nofp\libc_nano.a(libc_a-signalr.o)
                0x0800a784                _getpid_r
 .text.__swhatbuf_r
                0x0800a788       0x4a D:/Tools/STM32IDE/STM32CubeIDE_1.17.0/STM32CubeIDE/plugins/com.st.stm32cube.ide.mcu.externaltools.gnu-tools-for-stm32.12.3.rel1.win32_1.1.0.202410251130/tools/bin/../lib/gcc/arm-none-eabi/12.3.1/../../../../arm-none-eabi/lib/thumb/v7-m/nofp\libc_nano.a(libc_a-makebuf.o)
                0x0800a788                __swhatbuf_r
 .text.__smakebuf_r
                0x0800a7d2       0x78 D:/Tools/STM32IDE/STM32CubeIDE_1.17.0/STM32CubeIDE/plugins/com.st.stm32cube.ide.mcu.externaltools.gnu-tools-for-stm32.12.3.rel1.win32_1.1.0.202410251130/tools/bin/../lib/gcc/arm-none-eabi/12.3.1/../../../../arm-none-eabi/lib/thumb/v7-m/nofp\libc_nano.a(libc_a-makebuf.o)
                0x0800a7d2                __smakebuf_r
 *fill*         0x0800a84a        0x2 
 .text._fstat_r
                0x0800a84c       0x24 D:/Tools/STM32IDE/STM32CubeIDE_1.17.0/STM32CubeIDE/plugins/com.st.stm32cube.ide.mcu.externaltools.gnu-tools-for-stm32.12.3.rel1.win32_1.1.0.202410251130/tools/bin/../lib/gcc/arm-none-eabi/12.3.1/../../../../arm-none-eabi/lib/thumb/v7-m/nofp\libc_nano.a(libc_a-fstatr.o)
                0x0800a84c                _fstat_r
 .text._isatty_r
                0x0800a870       0x20 D:/Tools/STM32IDE/STM32CubeIDE_1.17.0/STM32CubeIDE/plugins/com.st.stm32cube.ide.mcu.externaltools.gnu-tools-for-stm32.12.3.rel1.win32_1.1.0.202410251130/tools/bin/../lib/gcc/arm-none-eabi/12.3.1/../../../../arm-none-eabi/lib/thumb/v7-m/nofp\libc_nano.a(libc_a-isattyr.o)
                0x0800a870                _isatty_r
 *(.glue_7)
 .glue_7        0x0800a890        0x0 linker stubs
 *(.glue_7t)
 .glue_7t       0x0800a890        0x0 linker stubs
 *(.eh_frame)
 .eh_frame      0x0800a890        0x0 D:/Tools/STM32IDE/STM32CubeIDE_1.17.0/STM32CubeIDE/plugins/com.st.stm32cube.ide.mcu.externaltools.gnu-tools-for-stm32.12.3.rel1.win32_1.1.0.202410251130/tools/bin/../lib/gcc/arm-none-eabi/12.3.1/thumb/v7-m/nofp/crtbegin.o
 *(.init)
 .init          0x0800a890        0x4 D:/Tools/STM32IDE/STM32CubeIDE_1.17.0/STM32CubeIDE/plugins/com.st.stm32cube.ide.mcu.externaltools.gnu-tools-for-stm32.12.3.rel1.win32_1.1.0.202410251130/tools/bin/../lib/gcc/arm-none-eabi/12.3.1/thumb/v7-m/nofp/crti.o
                0x0800a890                _init
 .init          0x0800a894        0x8 D:/Tools/STM32IDE/STM32CubeIDE_1.17.0/STM32CubeIDE/plugins/com.st.stm32cube.ide.mcu.externaltools.gnu-tools-for-stm32.12.3.rel1.win32_1.1.0.202410251130/tools/bin/../lib/gcc/arm-none-eabi/12.3.1/thumb/v7-m/nofp/crtn.o
 *(.fini)
 .fini          0x0800a89c        0x4 D:/Tools/STM32IDE/STM32CubeIDE_1.17.0/STM32CubeIDE/plugins/com.st.stm32cube.ide.mcu.externaltools.gnu-tools-for-stm32.12.3.rel1.win32_1.1.0.202410251130/tools/bin/../lib/gcc/arm-none-eabi/12.3.1/thumb/v7-m/nofp/crti.o
                0x0800a89c                _fini
 .fini          0x0800a8a0        0x8 D:/Tools/STM32IDE/STM32CubeIDE_1.17.0/STM32CubeIDE/plugins/com.st.stm32cube.ide.mcu.externaltools.gnu-tools-for-stm32.12.3.rel1.win32_1.1.0.202410251130/tools/bin/../lib/gcc/arm-none-eabi/12.3.1/thumb/v7-m/nofp/crtn.o
                0x0800a8a8                        . = ALIGN (0x4)
                0x0800a8a8                        _etext = .

.vfp11_veneer   0x0800a8a8        0x0
 .vfp11_veneer  0x0800a8a8        0x0 linker stubs

.v4_bx          0x0800a8a8        0x0
 .v4_bx         0x0800a8a8        0x0 linker stubs

.iplt           0x0800a8a8        0x0
 .iplt          0x0800a8a8        0x0 D:/Tools/STM32IDE/STM32CubeIDE_1.17.0/STM32CubeIDE/plugins/com.st.stm32cube.ide.mcu.externaltools.gnu-tools-for-stm32.12.3.rel1.win32_1.1.0.202410251130/tools/bin/../lib/gcc/arm-none-eabi/12.3.1/thumb/v7-m/nofp/crtbegin.o

.rodata         0x0800a8a8      0x488
                0x0800a8a8                        . = ALIGN (0x4)
 *(.rodata)
 .rodata        0x0800a8a8       0x16 ./Core/Src/main.o
 *(.rodata*)
 *fill*         0x0800a8be        0x2 
 .rodata.AHBPrescTable
                0x0800a8c0       0x10 ./Core/Src/system_stm32f1xx.o
                0x0800a8c0                AHBPrescTable
 .rodata.APBPrescTable
                0x0800a8d0        0x8 ./Core/Src/system_stm32f1xx.o
                0x0800a8d0                APBPrescTable
 .rodata.aPLLMULFactorTable.1
                0x0800a8d8       0x10 ./Drivers/STM32F1xx_HAL_Driver/Src/stm32f1xx_hal_rcc.o
 .rodata.aPredivFactorTable.0
                0x0800a8e8        0x2 ./Drivers/STM32F1xx_HAL_Driver/Src/stm32f1xx_hal_rcc.o
 *fill*         0x0800a8ea        0x2 
 .rodata.aPLLMULFactorTable.1
                0x0800a8ec       0x10 ./Drivers/STM32F1xx_HAL_Driver/Src/stm32f1xx_hal_rcc_ex.o
 .rodata.aPredivFactorTable.0
                0x0800a8fc        0x2 ./Drivers/STM32F1xx_HAL_Driver/Src/stm32f1xx_hal_rcc_ex.o
 .rodata._printf_float.str1.1
                0x0800a8fe       0x12 D:/Tools/STM32IDE/STM32CubeIDE_1.17.0/STM32CubeIDE/plugins/com.st.stm32cube.ide.mcu.externaltools.gnu-tools-for-stm32.12.3.rel1.win32_1.1.0.202410251130/tools/bin/../lib/gcc/arm-none-eabi/12.3.1/../../../../arm-none-eabi/lib/thumb/v7-m/nofp\libc_nano.a(libc_a-nano-vfprintf_float.o)
 .rodata._printf_i.str1.1
                0x0800a910       0x22 D:/Tools/STM32IDE/STM32CubeIDE_1.17.0/STM32CubeIDE/plugins/com.st.stm32cube.ide.mcu.externaltools.gnu-tools-for-stm32.12.3.rel1.win32_1.1.0.202410251130/tools/bin/../lib/gcc/arm-none-eabi/12.3.1/../../../../arm-none-eabi/lib/thumb/v7-m/nofp\libc_nano.a(libc_a-nano-vfprintf_i.o)
 .rodata._scanf_float.str1.1
                0x0800a932        0x5 D:/Tools/STM32IDE/STM32CubeIDE_1.17.0/STM32CubeIDE/plugins/com.st.stm32cube.ide.mcu.externaltools.gnu-tools-for-stm32.12.3.rel1.win32_1.1.0.202410251130/tools/bin/../lib/gcc/arm-none-eabi/12.3.1/../../../../arm-none-eabi/lib/thumb/v7-m/nofp\libc_nano.a(libc_a-nano-vfscanf_float.o)
                                  0x6 (size before relaxing)
 .rodata._dtoa_r.str1.1
                0x0800a937       0x8d D:/Tools/STM32IDE/STM32CubeIDE_1.17.0/STM32CubeIDE/plugins/com.st.stm32cube.ide.mcu.externaltools.gnu-tools-for-stm32.12.3.rel1.win32_1.1.0.202410251130/tools/bin/../lib/gcc/arm-none-eabi/12.3.1/../../../../arm-none-eabi/lib/thumb/v7-m/nofp\libc_nano.a(libc_a-dtoa.o)
                                 0x8f (size before relaxing)
 .rodata._Balloc.str1.1
                0x0800a9c4       0x59 D:/Tools/STM32IDE/STM32CubeIDE_1.17.0/STM32CubeIDE/plugins/com.st.stm32cube.ide.mcu.externaltools.gnu-tools-for-stm32.12.3.rel1.win32_1.1.0.202410251130/tools/bin/../lib/gcc/arm-none-eabi/12.3.1/../../../../arm-none-eabi/lib/thumb/v7-m/nofp\libc_nano.a(libc_a-mprec.o)
                                 0x70 (size before relaxing)
 .rodata.__multadd.str1.1
                0x0800aa1d       0x11 D:/Tools/STM32IDE/STM32CubeIDE_1.17.0/STM32CubeIDE/plugins/com.st.stm32cube.ide.mcu.externaltools.gnu-tools-for-stm32.12.3.rel1.win32_1.1.0.202410251130/tools/bin/../lib/gcc/arm-none-eabi/12.3.1/../../../../arm-none-eabi/lib/thumb/v7-m/nofp\libc_nano.a(libc_a-mprec.o)
 *fill*         0x0800aa1d        0x3 
 .rodata.p05.0  0x0800aa20        0xc D:/Tools/STM32IDE/STM32CubeIDE_1.17.0/STM32CubeIDE/plugins/com.st.stm32cube.ide.mcu.externaltools.gnu-tools-for-stm32.12.3.rel1.win32_1.1.0.202410251130/tools/bin/../lib/gcc/arm-none-eabi/12.3.1/../../../../arm-none-eabi/lib/thumb/v7-m/nofp\libc_nano.a(libc_a-mprec.o)
 *fill*         0x0800aa2c        0x4 
 .rodata.__mprec_bigtens
                0x0800aa30       0x28 D:/Tools/STM32IDE/STM32CubeIDE_1.17.0/STM32CubeIDE/plugins/com.st.stm32cube.ide.mcu.externaltools.gnu-tools-for-stm32.12.3.rel1.win32_1.1.0.202410251130/tools/bin/../lib/gcc/arm-none-eabi/12.3.1/../../../../arm-none-eabi/lib/thumb/v7-m/nofp\libc_nano.a(libc_a-mprec.o)
                0x0800aa30                __mprec_bigtens
 .rodata.__mprec_tens
                0x0800aa58       0xc8 D:/Tools/STM32IDE/STM32CubeIDE_1.17.0/STM32CubeIDE/plugins/com.st.stm32cube.ide.mcu.externaltools.gnu-tools-for-stm32.12.3.rel1.win32_1.1.0.202410251130/tools/bin/../lib/gcc/arm-none-eabi/12.3.1/../../../../arm-none-eabi/lib/thumb/v7-m/nofp\libc_nano.a(libc_a-mprec.o)
                0x0800aa58                __mprec_tens
 .rodata._strtod_l.str1.1
                0x0800ab20        0x2 D:/Tools/STM32IDE/STM32CubeIDE_1.17.0/STM32CubeIDE/plugins/com.st.stm32cube.ide.mcu.externaltools.gnu-tools-for-stm32.12.3.rel1.win32_1.1.0.202410251130/tools/bin/../lib/gcc/arm-none-eabi/12.3.1/../../../../arm-none-eabi/lib/thumb/v7-m/nofp\libc_nano.a(libc_a-strtod.o)
                                  0xf (size before relaxing)
 *fill*         0x0800ab22        0x2 
 .rodata.fpinan.0
                0x0800ab24       0x14 D:/Tools/STM32IDE/STM32CubeIDE_1.17.0/STM32CubeIDE/plugins/com.st.stm32cube.ide.mcu.externaltools.gnu-tools-for-stm32.12.3.rel1.win32_1.1.0.202410251130/tools/bin/../lib/gcc/arm-none-eabi/12.3.1/../../../../arm-none-eabi/lib/thumb/v7-m/nofp\libc_nano.a(libc_a-strtod.o)
 .rodata.fpi.1  0x0800ab38       0x14 D:/Tools/STM32IDE/STM32CubeIDE_1.17.0/STM32CubeIDE/plugins/com.st.stm32cube.ide.mcu.externaltools.gnu-tools-for-stm32.12.3.rel1.win32_1.1.0.202410251130/tools/bin/../lib/gcc/arm-none-eabi/12.3.1/../../../../arm-none-eabi/lib/thumb/v7-m/nofp\libc_nano.a(libc_a-strtod.o)
 *fill*         0x0800ab4c        0x4 
 .rodata.tinytens
                0x0800ab50       0x28 D:/Tools/STM32IDE/STM32CubeIDE_1.17.0/STM32CubeIDE/plugins/com.st.stm32cube.ide.mcu.externaltools.gnu-tools-for-stm32.12.3.rel1.win32_1.1.0.202410251130/tools/bin/../lib/gcc/arm-none-eabi/12.3.1/../../../../arm-none-eabi/lib/thumb/v7-m/nofp\libc_nano.a(libc_a-strtod.o)
 .rodata._ctype_
                0x0800ab78      0x101 D:/Tools/STM32IDE/STM32CubeIDE_1.17.0/STM32CubeIDE/plugins/com.st.stm32cube.ide.mcu.externaltools.gnu-tools-for-stm32.12.3.rel1.win32_1.1.0.202410251130/tools/bin/../lib/gcc/arm-none-eabi/12.3.1/../../../../arm-none-eabi/lib/thumb/v7-m/nofp\libc_nano.a(libc_a-ctype_.o)
                0x0800ab78                _ctype_
 .rodata._svfprintf_r.str1.1
                0x0800ac79       0x11 D:/Tools/STM32IDE/STM32CubeIDE_1.17.0/STM32CubeIDE/plugins/com.st.stm32cube.ide.mcu.externaltools.gnu-tools-for-stm32.12.3.rel1.win32_1.1.0.202410251130/tools/bin/../lib/gcc/arm-none-eabi/12.3.1/../../../../arm-none-eabi/lib/thumb/v7-m/nofp\libc_nano.a(libc_a-nano-svfprintf.o)
 .rodata._setlocale_r.str1.1
                0x0800ac8a        0x8 D:/Tools/STM32IDE/STM32CubeIDE_1.17.0/STM32CubeIDE/plugins/com.st.stm32cube.ide.mcu.externaltools.gnu-tools-for-stm32.12.3.rel1.win32_1.1.0.202410251130/tools/bin/../lib/gcc/arm-none-eabi/12.3.1/../../../../arm-none-eabi/lib/thumb/v7-m/nofp\libc_nano.a(libc_a-locale.o)
                                  0x9 (size before relaxing)
 .rodata.str1.1
                0x0800ac92        0x2 D:/Tools/STM32IDE/STM32CubeIDE_1.17.0/STM32CubeIDE/plugins/com.st.stm32cube.ide.mcu.externaltools.gnu-tools-for-stm32.12.3.rel1.win32_1.1.0.202410251130/tools/bin/../lib/gcc/arm-none-eabi/12.3.1/../../../../arm-none-eabi/lib/thumb/v7-m/nofp\libc_nano.a(libc_a-locale.o)
 .rodata.__assert_func.str1.1
                0x0800ac92       0x3c D:/Tools/STM32IDE/STM32CubeIDE_1.17.0/STM32CubeIDE/plugins/com.st.stm32cube.ide.mcu.externaltools.gnu-tools-for-stm32.12.3.rel1.win32_1.1.0.202410251130/tools/bin/../lib/gcc/arm-none-eabi/12.3.1/../../../../arm-none-eabi/lib/thumb/v7-m/nofp\libc_nano.a(libc_a-assert.o)
                                 0x3d (size before relaxing)
 .rodata.__gethex.str1.1
                0x0800acce       0x60 D:/Tools/STM32IDE/STM32CubeIDE_1.17.0/STM32CubeIDE/plugins/com.st.stm32cube.ide.mcu.externaltools.gnu-tools-for-stm32.12.3.rel1.win32_1.1.0.202410251130/tools/bin/../lib/gcc/arm-none-eabi/12.3.1/../../../../arm-none-eabi/lib/thumb/v7-m/nofp\libc_nano.a(libc_a-gdtoa-gethex.o)
                                 0x73 (size before relaxing)
 .rodata._vfprintf_r.str1.1
                0x0800ad2e       0x11 D:/Tools/STM32IDE/STM32CubeIDE_1.17.0/STM32CubeIDE/plugins/com.st.stm32cube.ide.mcu.externaltools.gnu-tools-for-stm32.12.3.rel1.win32_1.1.0.202410251130/tools/bin/../lib/gcc/arm-none-eabi/12.3.1/../../../../arm-none-eabi/lib/thumb/v7-m/nofp\libc_nano.a(libc_a-nano-vfprintf.o)
                0x0800ad40                        . = ALIGN (0x4)
 *fill*         0x0800ad2e        0x2 

.ARM.extab      0x0800ad30        0x0
                0x0800ad30                        . = ALIGN (0x4)
 *(.ARM.extab* .gnu.linkonce.armextab.*)
                0x0800ad30                        . = ALIGN (0x4)

.ARM            0x0800ad30        0x8
                0x0800ad30                        . = ALIGN (0x4)
                0x0800ad30                        __exidx_start = .
 *(.ARM.exidx*)
 .ARM.exidx     0x0800ad30        0x8 D:/Tools/STM32IDE/STM32CubeIDE_1.17.0/STM32CubeIDE/plugins/com.st.stm32cube.ide.mcu.externaltools.gnu-tools-for-stm32.12.3.rel1.win32_1.1.0.202410251130/tools/bin/../lib/gcc/arm-none-eabi/12.3.1/../../../../arm-none-eabi/lib/thumb/v7-m/nofp\libc_nano.a(libc_a-strlen.o)
                0x0800ad38                        __exidx_end = .
                0x0800ad38                        . = ALIGN (0x4)

.rel.dyn        0x0800ad38        0x0
 .rel.iplt      0x0800ad38        0x0 D:/Tools/STM32IDE/STM32CubeIDE_1.17.0/STM32CubeIDE/plugins/com.st.stm32cube.ide.mcu.externaltools.gnu-tools-for-stm32.12.3.rel1.win32_1.1.0.202410251130/tools/bin/../lib/gcc/arm-none-eabi/12.3.1/thumb/v7-m/nofp/crtbegin.o

.preinit_array  0x0800ad38        0x0
                0x0800ad38                        . = ALIGN (0x4)
                0x0800ad38                        PROVIDE (__preinit_array_start = .)
 *(.preinit_array*)
                0x0800ad38                        PROVIDE (__preinit_array_end = .)
                0x0800ad38                        . = ALIGN (0x4)

.init_array     0x0800ad38        0x4
                0x0800ad38                        . = ALIGN (0x4)
                0x0800ad38                        PROVIDE (__init_array_start = .)
 *(SORT_BY_NAME(.init_array.*))
 *(.init_array*)
 .init_array    0x0800ad38        0x4 D:/Tools/STM32IDE/STM32CubeIDE_1.17.0/STM32CubeIDE/plugins/com.st.stm32cube.ide.mcu.externaltools.gnu-tools-for-stm32.12.3.rel1.win32_1.1.0.202410251130/tools/bin/../lib/gcc/arm-none-eabi/12.3.1/thumb/v7-m/nofp/crtbegin.o
                0x0800ad3c                        PROVIDE (__init_array_end = .)
                0x0800ad3c                        . = ALIGN (0x4)

.fini_array     0x0800ad3c        0x4
                0x0800ad3c                        . = ALIGN (0x4)
                [!provide]                        PROVIDE (__fini_array_start = .)
 *(SORT_BY_NAME(.fini_array.*))
 *(.fini_array*)
 .fini_array    0x0800ad3c        0x4 D:/Tools/STM32IDE/STM32CubeIDE_1.17.0/STM32CubeIDE/plugins/com.st.stm32cube.ide.mcu.externaltools.gnu-tools-for-stm32.12.3.rel1.win32_1.1.0.202410251130/tools/bin/../lib/gcc/arm-none-eabi/12.3.1/thumb/v7-m/nofp/crtbegin.o
                [!provide]                        PROVIDE (__fini_array_end = .)
                0x0800ad40                        . = ALIGN (0x4)
                0x0800ad40                        _sidata = LOADADDR (.data)

.data           0x20000000      0x1fc load address 0x0800ad40
                0x20000000                        . = ALIGN (0x4)
                0x20000000                        _sdata = .
 *(.data)
 *(.data*)
 .data.speed    0x20000000        0x1 ./Core/Src/main.o
                0x20000000                speed
 .data.control  0x20000001        0x1 ./Core/Src/main.o
                0x20000001                control
 .data.EN       0x20000002        0x1 ./Core/Src/main.o
                0x20000002                EN
 *fill*         0x20000003        0x1 
 .data.buttonStates
                0x20000004       0x14 ./Core/Src/main.o
                0x20000004                buttonStates
 .data.P0_address
                0x20000018        0x6 ./Core/Src/main.o
                0x20000018                P0_address
 *fill*         0x2000001e        0x2 
 .data.P1_address
                0x20000020        0x6 ./Core/Src/main.o
                0x20000020                P1_address
 .data.butt     0x20000026        0x1 ./Core/Src/main.o
                0x20000026                butt
 *fill*         0x20000027        0x1 
 .data.SystemCoreClock
                0x20000028        0x4 ./Core/Src/system_stm32f1xx.o
                0x20000028                SystemCoreClock
 .data.uwTickPrio
                0x2000002c        0x4 ./Drivers/STM32F1xx_HAL_Driver/Src/stm32f1xx_hal.o
                0x2000002c                uwTickPrio
 .data.uwTickFreq
                0x20000030        0x1 ./Drivers/STM32F1xx_HAL_Driver/Src/stm32f1xx_hal.o
                0x20000030                uwTickFreq
 *fill*         0x20000031        0x3 
 .data.__sglue  0x20000034        0xc D:/Tools/STM32IDE/STM32CubeIDE_1.17.0/STM32CubeIDE/plugins/com.st.stm32cube.ide.mcu.externaltools.gnu-tools-for-stm32.12.3.rel1.win32_1.1.0.202410251130/tools/bin/../lib/gcc/arm-none-eabi/12.3.1/../../../../arm-none-eabi/lib/thumb/v7-m/nofp\libc_nano.a(libc_a-findfp.o)
                0x20000034                __sglue
 .data._impure_ptr
                0x20000040        0x4 D:/Tools/STM32IDE/STM32CubeIDE_1.17.0/STM32CubeIDE/plugins/com.st.stm32cube.ide.mcu.externaltools.gnu-tools-for-stm32.12.3.rel1.win32_1.1.0.202410251130/tools/bin/../lib/gcc/arm-none-eabi/12.3.1/../../../../arm-none-eabi/lib/thumb/v7-m/nofp\libc_nano.a(libc_a-impure.o)
                0x20000040                _impure_ptr
 .data._impure_data
                0x20000044       0x4c D:/Tools/STM32IDE/STM32CubeIDE_1.17.0/STM32CubeIDE/plugins/com.st.stm32cube.ide.mcu.externaltools.gnu-tools-for-stm32.12.3.rel1.win32_1.1.0.202410251130/tools/bin/../lib/gcc/arm-none-eabi/12.3.1/../../../../arm-none-eabi/lib/thumb/v7-m/nofp\libc_nano.a(libc_a-impure.o)
                0x20000044                _impure_data
 .data.__global_locale
                0x20000090      0x16c D:/Tools/STM32IDE/STM32CubeIDE_1.17.0/STM32CubeIDE/plugins/com.st.stm32cube.ide.mcu.externaltools.gnu-tools-for-stm32.12.3.rel1.win32_1.1.0.202410251130/tools/bin/../lib/gcc/arm-none-eabi/12.3.1/../../../../arm-none-eabi/lib/thumb/v7-m/nofp\libc_nano.a(libc_a-locale.o)
                0x20000090                __global_locale
 *(.RamFunc)
 *(.RamFunc*)
                0x200001fc                        . = ALIGN (0x4)
                0x200001fc                        _edata = .

.igot.plt       0x200001fc        0x0 load address 0x0800af3c
 .igot.plt      0x200001fc        0x0 D:/Tools/STM32IDE/STM32CubeIDE_1.17.0/STM32CubeIDE/plugins/com.st.stm32cube.ide.mcu.externaltools.gnu-tools-for-stm32.12.3.rel1.win32_1.1.0.202410251130/tools/bin/../lib/gcc/arm-none-eabi/12.3.1/thumb/v7-m/nofp/crtbegin.o
                0x200001fc                        . = ALIGN (0x4)

.bss            0x200001fc      0x338 load address 0x0800af3c
                0x200001fc                        _sbss = .
                0x200001fc                        __bss_start__ = _sbss
 *(.bss)
 .bss           0x200001fc       0x1c D:/Tools/STM32IDE/STM32CubeIDE_1.17.0/STM32CubeIDE/plugins/com.st.stm32cube.ide.mcu.externaltools.gnu-tools-for-stm32.12.3.rel1.win32_1.1.0.202410251130/tools/bin/../lib/gcc/arm-none-eabi/12.3.1/thumb/v7-m/nofp/crtbegin.o
 *(.bss*)
 .bss.hadc1     0x20000218       0x30 ./Core/Src/main.o
                0x20000218                hadc1
 .bss.hadc2     0x20000248       0x30 ./Core/Src/main.o
                0x20000248                hadc2
 .bss.hi2c1     0x20000278       0x54 ./Core/Src/main.o
                0x20000278                hi2c1
 .bss.hspi1     0x200002cc       0x58 ./Core/Src/main.o
                0x200002cc                hspi1
 .bss.huart1    0x20000324       0x48 ./Core/Src/main.o
                0x20000324                huart1
 .bss.nrf24l01p_rx_flag
                0x2000036c        0x1 ./Core/Src/main.o
                0x2000036c                nrf24l01p_rx_flag
 *fill*         0x2000036d        0x3 
 .bss.ADC_X     0x20000370        0x4 ./Core/Src/main.o
                0x20000370                ADC_X
 .bss.ADC_Y     0x20000374        0x4 ./Core/Src/main.o
                0x20000374                ADC_Y
 .bss.counter   0x20000378        0x2 ./Core/Src/main.o
                0x20000378                counter
 .bss.pressedButton
                0x2000037a        0x2 ./Core/Src/main.o
                0x2000037a                pressedButton
 .bss.rx_data   0x2000037c       0x20 ./Core/Src/main.o
                0x2000037c                rx_data
 .bss.tx_data   0x2000039c       0x20 ./Core/Src/main.o
                0x2000039c                tx_data
 .bss.__sbrk_heap_end
                0x200003bc        0x4 ./Core/Src/sysmem.o
 .bss.uart_rx   0x200003c0       0x24 ./Core/Src/uart.o
                0x200003c0                uart_rx
 .bss.uwTick    0x200003e4        0x4 ./Drivers/STM32F1xx_HAL_Driver/Src/stm32f1xx_hal.o
                0x200003e4                uwTick
 .bss.__sf      0x200003e8      0x138 D:/Tools/STM32IDE/STM32CubeIDE_1.17.0/STM32CubeIDE/plugins/com.st.stm32cube.ide.mcu.externaltools.gnu-tools-for-stm32.12.3.rel1.win32_1.1.0.202410251130/tools/bin/../lib/gcc/arm-none-eabi/12.3.1/../../../../arm-none-eabi/lib/thumb/v7-m/nofp\libc_nano.a(libc_a-findfp.o)
                0x200003e8                __sf
 .bss.__stdio_exit_handler
                0x20000520        0x4 D:/Tools/STM32IDE/STM32CubeIDE_1.17.0/STM32CubeIDE/plugins/com.st.stm32cube.ide.mcu.externaltools.gnu-tools-for-stm32.12.3.rel1.win32_1.1.0.202410251130/tools/bin/../lib/gcc/arm-none-eabi/12.3.1/../../../../arm-none-eabi/lib/thumb/v7-m/nofp\libc_nano.a(libc_a-findfp.o)
                0x20000520                __stdio_exit_handler
 .bss.errno     0x20000524        0x4 D:/Tools/STM32IDE/STM32CubeIDE_1.17.0/STM32CubeIDE/plugins/com.st.stm32cube.ide.mcu.externaltools.gnu-tools-for-stm32.12.3.rel1.win32_1.1.0.202410251130/tools/bin/../lib/gcc/arm-none-eabi/12.3.1/../../../../arm-none-eabi/lib/thumb/v7-m/nofp\libc_nano.a(libc_a-reent.o)