../Core/Src/main.c:110:9:map	24	static
../Core/Src/main.c:113:6:int_to_string	16	static
../Core/Src/main.c:116:7:sensor	8	static
../Core/Src/main.c:167:7:distance	24	static
../Core/Src/main.c:173:6:read_nRF	16	static
../Core/Src/main.c:195:8:trans_nRF	16	static
../Core/Src/main.c:219:6:controler	16	static
../Core/Src/main.c:272:6:readbuttons	16	static
../Core/Src/main.c:306:6:readData	8	static
../Core/Src/main.c:314:6:remoteControl	16	static
../Core/Src/main.c:324:6:autoControl	4	static
../Core/Src/main.c:357:5:main	8	static
../Core/Src/main.c:466:6:SystemClock_Config	88	static
../Core/Src/main.c:513:13:MX_ADC1_Init	24	static
../Core/Src/main.c:560:13:MX_SPI1_Init	8	static
../Core/Src/main.c:598:13:MX_SPI2_Init	8	static
../Core/Src/main.c:636:13:MX_TIM3_Init	64	static
../Core/Src/main.c:707:13:MX_TIM4_Init	64	static
../Core/Src/main.c:774:13:MX_USART1_UART_Init	8	static
../Core/Src/main.c:807:13:MX_GPIO_Init	40	static
../Core/Src/main.c:910:6:HAL_GPIO_EXTI_Callback	16	static
../Core/Src/main.c:922:6:Error_Handler	4	static,ignoring_inline_asm
